
> openclaw@2026.2.23 build I:\JieZI\JieZi-ai-PS
> pnpm canvas:a2ui:bundle && node node_modules/tsdown/dist/run.mjs && pnpm build:plugin-sdk:dts && node --import tsx scripts/write-plugin-sdk-entry-dts.ts && node --import tsx scripts/canvas-a2ui-copy.ts && node --import tsx scripts/copy-hook-metadata.ts && node --import tsx scripts/copy-export-html-templates.ts && node --import tsx scripts/write-build-info.ts && node --import tsx scripts/write-cli-compat.ts


> openclaw@2026.2.23 canvas:a2ui:bundle I:\JieZI\JieZi-ai-PS
> node scripts/bundle-a2ui.mjs

A2UI bundle up to date; skipping.
[34mℹ[39m tsdown [2mv0.20.3[22m powered by rolldown [2mv1.0.0-rc.3[22m
[34mℹ[39m config file: [4mI:\JieZI\JieZi-ai-PS\tsdown.config.ts[24m 
[34mℹ[39m entry: [34msrc\index.ts[39m
[34mℹ[39m target: [34mnode22.12.0[39m
[34mℹ[39m tsconfig: [34mtsconfig.json[39m
[34mℹ[39m entry: [34msrc\entry.ts[39m
[34mℹ[39m target: [34mnode22.12.0[39m
[34mℹ[39m tsconfig: [34mtsconfig.json[39m
[34mℹ[39m entry: [34msrc\cli\daemon-cli.ts[39m
[34mℹ[39m target: [34mnode22.12.0[39m
[34mℹ[39m tsconfig: [34mtsconfig.json[39m
[34mℹ[39m entry: [34msrc\infra\warning-filter.ts[39m
[34mℹ[39m target: [34mnode22.12.0[39m
[34mℹ[39m tsconfig: [34mtsconfig.json[39m
[34mℹ[39m entry: [34msrc\plugin-sdk\index.ts[39m
[34mℹ[39m target: [34mnode22.12.0[39m
[34mℹ[39m tsconfig: [34mtsconfig.json[39m
[34mℹ[39m entry: [34msrc\plugin-sdk\account-id.ts[39m
[34mℹ[39m target: [34mnode22.12.0[39m
[34mℹ[39m tsconfig: [34mtsconfig.json[39m
[34mℹ[39m entry: [34msrc\extensionAPI.ts[39m
[34mℹ[39m target: [34mnode22.12.0[39m
[34mℹ[39m tsconfig: [34mtsconfig.json[39m
[34mℹ[39m entry: [34msrc\hooks\llm-slug-generator.ts, src\hooks\bundled\boot-md\handler.ts, src\hooks\bundled\bootstrap-extra-files\handler.ts, src\hooks\bundled\command-logger\handler.ts, src\hooks\bundled\session-memory\handler.ts, src\hooks\bundled\soul-evil\handler.ts[39m
[34mℹ[39m target: [34mnode22.12.0[39m
[34mℹ[39m tsconfig: [34mtsconfig.json[39m
[34mℹ[39m Build start
[34mℹ[39m Cleaning 2764 files
[34mℹ[39m [2mdist\[22m[1mwarning-filter.js[22m  [2m1.74 kB[22m [2m│ gzip: 0.65 kB[22m
[34mℹ[39m 1 files, total: 1.74 kB
[34mℹ[39m [2mdist\plugin-sdk\[22m[1maccount-id.js[22m  [2m0.71 kB[22m [2m│ gzip: 0.36 kB[22m
[34mℹ[39m 1 files, total: 0.71 kB
[PLUGIN_TIMINGS] Warning: Your build spent significant time in plugins. Here is a breakdown:
  - tsdown:report (60%)
  - tsdown:shebang (27%)
See https://rolldown.rs/options/checks#plugintimings for more details.

[PLUGIN_TIMINGS] Warning: Your build spent significant time in plugin `upstream-overlay`. See https://rolldown.rs/options/checks#plugintimings for more details.

[32m✔[39m Build complete in [32m25401ms[39m
[32m✔[39m Build complete in [32m26488ms[39m

 WARN  Consider adding inlineOnly option to avoid unintended bundling of dependencies, or set inlineOnly: false to disable this warning.
Detected dependencies in bundle:
- prism-media
- @discordjs/voice
- ipaddr.js


 WARN  Consider adding inlineOnly option to avoid unintended bundling of dependencies, or set inlineOnly: false to disable this warning.
Detected dependencies in bundle:
- ipaddr.js

[34mℹ[39m [2mdist\[22m[1mdaemon-cli.js[22m  [2m690.78 kB[22m [2m│ gzip: 149.53 kB[22m
[34mℹ[39m 1 files, total: 690.78 kB
[PLUGIN_TIMINGS] Warning: Your build spent significant time in plugins. Here is a breakdown:
  - upstream-overlay (61%)
  - tsdown:external (39%)
See https://rolldown.rs/options/checks#plugintimings for more details.

[32m✔[39m Build complete in [32m26897ms[39m

 WARN  Consider adding inlineOnly option to avoid unintended bundling of dependencies, or set inlineOnly: false to disable this warning.
Detected dependencies in bundle:
- prism-media
- @discordjs/voice
- ipaddr.js


 WARN  Consider adding inlineOnly option to avoid unintended bundling of dependencies, or set inlineOnly: false to disable this warning.
Detected dependencies in bundle:
- prism-media
- @discordjs/voice
- ipaddr.js


 WARN  Consider adding inlineOnly option to avoid unintended bundling of dependencies, or set inlineOnly: false to disable this warning.
Detected dependencies in bundle:
- ipaddr.js
- prism-media
- @discordjs/voice


 WARN  Consider adding inlineOnly option to avoid unintended bundling of dependencies, or set inlineOnly: false to disable this warning.
Detected dependencies in bundle:
- ipaddr.js
- prism-media
- @discordjs/voice

[34mℹ[39m [2mdist\[22m[1mbundled\session-memory\handler.js[22m         [2m  10.39 kB[22m [2m│ gzip:  3.59 kB[22m
[34mℹ[39m [2mdist\[22m[1mbundled\boot-md\handler.js[22m                [2m   8.04 kB[22m [2m│ gzip:  2.88 kB[22m
[34mℹ[39m [2mdist\[22m[1mbundled\soul-evil\handler.js[22m              [2m   6.91 kB[22m [2m│ gzip:  2.29 kB[22m
[34mℹ[39m [2mdist\[22m[1mllm-slug-generator.js[22m                     [2m   4.28 kB[22m [2m│ gzip:  1.90 kB[22m
[34mℹ[39m [2mdist\[22m[1mbundled\bootstrap-extra-files\handler.js[22m  [2m   1.78 kB[22m [2m│ gzip:  0.73 kB[22m
[34mℹ[39m [2mdist\[22m[1mbundled\command-logger\handler.js[22m         [2m   1.66 kB[22m [2m│ gzip:  0.80 kB[22m
[34mℹ[39m [2mdist\[22mpi-embedded-DIIQzSnU.js                   [2m2927.08 kB[22m
[34mℹ[39m [2mdist\[22mconfig-u0htA8jn.js                        [2m 379.26 kB[22m [2m│ gzip: 78.68 kB[22m
[34mℹ[39m [2mdist\[22mpi-embedded-helpers-Br_QIZK1.js           [2m 227.01 kB[22m [2m│ gzip: 52.22 kB[22m
[34mℹ[39m [2mdist\[22mmodel-auth-PKmWvYdS.js                    [2m 140.95 kB[22m [2m│ gzip: 32.57 kB[22m
[34mℹ[39m [2mdist\[22mmanager-BqFuGn83.js                       [2m 133.90 kB[22m [2m│ gzip: 30.08 kB[22m
[34mℹ[39m [2mdist\[22msend-BqQzS4iE.js                          [2m 106.98 kB[22m [2m│ gzip: 25.49 kB[22m
[34mℹ[39m [2mdist\[22msend-CErmrLd8.js                          [2m  82.74 kB[22m [2m│ gzip: 21.70 kB[22m
[34mℹ[39m [2mdist\[22mweb-DlQJs4Iy.js                           [2m  82.36 kB[22m [2m│ gzip: 21.16 kB[22m
[34mℹ[39m [2mdist\[22mrunner-CPOGjYiq.js                        [2m  68.07 kB[22m [2m│ gzip: 16.11 kB[22m
[34mℹ[39m [2mdist\[22msessions-CHC4uDTM.js                      [2m  65.79 kB[22m [2m│ gzip: 17.18 kB[22m
[34mℹ[39m [2mdist\[22mpw-ai-CWyhFByA.js                         [2m  63.37 kB[22m [2m│ gzip: 15.24 kB[22m
[34mℹ[39m [2mdist\[22mimage-DHAKnzg2.js                         [2m  59.91 kB[22m [2m│ gzip: 15.57 kB[22m
[34mℹ[39m [2mdist\[22mchrome-BKoQTc5g.js                        [2m  58.78 kB[22m [2m│ gzip: 15.09 kB[22m
[34mℹ[39m [2mdist\[22msubsystem-bx5HgSE_.js                     [2m  55.41 kB[22m [2m│ gzip: 15.99 kB[22m
[34mℹ[39m [2mdist\[22mqmd-manager-DjgKlGrZ.js                   [2m  51.38 kB[22m [2m│ gzip: 13.01 kB[22m
[34mℹ[39m [2mdist\[22mdeliver-drtk2jyO.js                       [2m  45.17 kB[22m [2m│ gzip: 11.20 kB[22m
[34mℹ[39m [2mdist\[22mskills-7Gf_RYYP.js                        [2m  38.35 kB[22m [2m│ gzip: 10.25 kB[22m
[34mℹ[39m [2mdist\[22mssrf-CughcBVW.js                          [2m  36.96 kB[22m [2m│ gzip:  8.32 kB[22m
[34mℹ[39m [2mdist\[22mdock-DkwfIqQS.js                          [2m  35.65 kB[22m [2m│ gzip:  6.76 kB[22m
[34mℹ[39m [2mdist\[22mcommands-registry-DzWOSlv9.js             [2m  32.61 kB[22m [2m│ gzip:  7.39 kB[22m
[34mℹ[39m [2mdist\[22mmanifest-registry-D1HiCuCn.js             [2m  27.55 kB[22m [2m│ gzip:  6.54 kB[22m
[34mℹ[39m [2mdist\[22mir-DDZ_BFpo.js                            [2m  27.37 kB[22m [2m│ gzip:  6.98 kB[22m
[34mℹ[39m [2mdist\[22mworkspace-m0X9JB-t.js                     [2m  24.89 kB[22m [2m│ gzip:  6.66 kB[22m
[34mℹ[39m [2mdist\[22mquery-expansion-CDO34abK.js               [2m  22.28 kB[22m [2m│ gzip:  7.64 kB[22m
[34mℹ[39m [2mdist\[22msend-DMuDon3v.js                          [2m  17.51 kB[22m [2m│ gzip:  5.17 kB[22m
[34mℹ[39m [2mdist\[22mimage-ops-D1ShwjP8.js                     [2m  17.35 kB[22m [2m│ gzip:  5.11 kB[22m
[34mℹ[39m [2mdist\[22msend-B3pVhJOX.js                          [2m  16.95 kB[22m [2m│ gzip:  4.54 kB[22m
[34mℹ[39m [2mdist\[22mplugins-BflncAR4.js                       [2m  16.13 kB[22m [2m│ gzip:  3.85 kB[22m
[34mℹ[39m [2mdist\[22msend-CC9SEZgI.js                          [2m  14.58 kB[22m [2m│ gzip:  4.29 kB[22m
[34mℹ[39m [2mdist\[22mtool-loop-detection-Dn5esh6X.js           [2m  14.21 kB[22m [2m│ gzip:  3.59 kB[22m
[34mℹ[39m [2mdist\[22mchunk-CuxvTgpv.js                         [2m  12.64 kB[22m [2m│ gzip:  3.48 kB[22m
[34mℹ[39m [2mdist\[22mskill-commands-PtYaBe0f.js                [2m  11.70 kB[22m [2m│ gzip:  3.67 kB[22m
[34mℹ[39m [2mdist\[22mlogin-qr-D4vp8m0l.js                      [2m  10.46 kB[22m [2m│ gzip:  3.64 kB[22m
[34mℹ[39m [2mdist\[22mfrontmatter-CrL6PYPo.js                   [2m   9.47 kB[22m [2m│ gzip:  2.80 kB[22m
[34mℹ[39m [2mdist\[22mdiagnostic-DXAli52L.js                    [2m   9.44 kB[22m [2m│ gzip:  2.42 kB[22m
[34mℹ[39m [2mdist\[22maccounts-ByBfVYCB.js                      [2m   8.88 kB[22m [2m│ gzip:  2.68 kB[22m
[34mℹ[39m [2mdist\[22mresolve-route-CInvEkUr.js                 [2m   8.76 kB[22m [2m│ gzip:  2.49 kB[22m
[34mℹ[39m [2mdist\[22mtool-images-DbMkJ8UA.js                   [2m   8.49 kB[22m [2m│ gzip:  2.63 kB[22m
[34mℹ[39m [2mdist\[22mpaths-DVO6onYP.js                         [2m   8.36 kB[22m [2m│ gzip:  2.26 kB[22m
[34mℹ[39m [2mdist\[22msession-key-DbMbWphX.js                   [2m   8.26 kB[22m [2m│ gzip:  2.13 kB[22m
[34mℹ[39m [2mdist\[22moutbound-BiSqIoMq.js                      [2m   7.33 kB[22m [2m│ gzip:  2.33 kB[22m
[34mℹ[39m [2mdist\[22mpaths-DMhnkbW3.js                         [2m   6.88 kB[22m [2m│ gzip:  1.80 kB[22m
[34mℹ[39m [2mdist\[22magent-scope-CPSpMTIy.js                   [2m   6.77 kB[22m [2m│ gzip:  1.83 kB[22m
[34mℹ[39m [2mdist\[22mtarget-errors-DjNZtdU2.js                 [2m   6.67 kB[22m [2m│ gzip:  2.02 kB[22m
[34mℹ[39m [2mdist\[22msession-D6qSxjRq.js                       [2m   6.54 kB[22m [2m│ gzip:  2.36 kB[22m
[34mℹ[39m [2mdist\[22mreply-prefix-KgElLx9D.js                  [2m   6.26 kB[22m [2m│ gzip:  1.86 kB[22m
[34mℹ[39m [2mdist\[22mlocal-roots-D30HtJs9.js                   [2m   6.16 kB[22m [2m│ gzip:  2.21 kB[22m
[34mℹ[39m [2mdist\[22mgemini-auth-thU68uZ6.js                   [2m   5.82 kB[22m [2m│ gzip:  1.95 kB[22m
[34mℹ[39m [2mdist\[22mthinking-BrvXXJwD.js                      [2m   4.75 kB[22m [2m│ gzip:  1.23 kB[22m
[34mℹ[39m [2mdist\[22mreplies-ctwLX8jh.js                       [2m   4.62 kB[22m [2m│ gzip:  1.49 kB[22m
[34mℹ[39m [2mdist\[22mwhatsapp-actions-DOVJMcEp.js              [2m   4.40 kB[22m [2m│ gzip:  1.59 kB[22m
[34mℹ[39m [2mdist\[22mfetch-guard-BzSCsEyJ.js                   [2m   4.40 kB[22m [2m│ gzip:  1.67 kB[22m
[34mℹ[39m [2mdist\[22mdate-time-CxZXGr7U.js                     [2m   4.04 kB[22m [2m│ gzip:  1.50 kB[22m
[34mℹ[39m [2mdist\[22msessions-PSSXVX0A.js                      [2m   4.03 kB[22m [2m│ gzip:  1.24 kB[22m
[34mℹ[39m [2mdist\[22mpi-auth-json-CgQ-zz2I.js                  [2m   3.89 kB[22m [2m│ gzip:  1.49 kB[22m
[34mℹ[39m [2mdist\[22mgithub-copilot-token-CsiE42e8.js          [2m   3.87 kB[22m [2m│ gzip:  1.49 kB[22m
[34mℹ[39m [2mdist\[22mchannel-activity-CGh6ryRM.js              [2m   3.76 kB[22m [2m│ gzip:  1.25 kB[22m
[34mℹ[39m [2mdist\[22minbound-context-B91ReODF.js               [2m   3.75 kB[22m [2m│ gzip:  1.07 kB[22m
[34mℹ[39m [2mdist\[22mredact-CgnZpsRu.js                        [2m   3.60 kB[22m [2m│ gzip:  1.43 kB[22m
[34mℹ[39m [2mdist\[22maudio-preflight-DdZ0LOyO.js               [2m   3.37 kB[22m [2m│ gzip:  1.43 kB[22m
[34mℹ[39m [2mdist\[22mrender-DYZeWYLp.js                        [2m   3.30 kB[22m [2m│ gzip:  1.15 kB[22m
[34mℹ[39m [2mdist\[22mmessage-channel--6T8ktAW.js               [2m   3.25 kB[22m [2m│ gzip:  1.09 kB[22m
[34mℹ[39m [2mdist\[22mretry-C6nqpjL5.js                         [2m   2.98 kB[22m [2m│ gzip:  1.08 kB[22m
[34mℹ[39m [2mdist\[22msubagent-registry-CbOuxO9f.js             [2m   2.63 kB[22m [2m│ gzip:  1.11 kB[22m
[34mℹ[39m [2mdist\[22mfetch-C7KLI74U.js                         [2m   2.45 kB[22m [2m│ gzip:  0.86 kB[22m
[34mℹ[39m [2mdist\[22mprovider-dispatcher-D-RfP_P-.js           [2m   2.36 kB[22m [2m│ gzip:  1.00 kB[22m
[34mℹ[39m [2mdist\[22mlogin-CALzhNOn.js                         [2m   2.35 kB[22m [2m│ gzip:  1.03 kB[22m
[34mℹ[39m [2mdist\[22mcommand-format-COnPxF19.js                [2m   2.29 kB[22m [2m│ gzip:  0.88 kB[22m
[34mℹ[39m [2mdist\[22msend-C7wSqsNQ.js                          [2m   2.29 kB[22m [2m│ gzip:  0.89 kB[22m
[34mℹ[39m [2mdist\[22mdiagnostic-session-state-DtWQW-Dv.js      [2m   2.21 kB[22m [2m│ gzip:  0.81 kB[22m
[34mℹ[39m [2mdist\[22mbindings-B_YA6XOh.js                      [2m   2.15 kB[22m [2m│ gzip:  0.71 kB[22m
[34mℹ[39m [2mdist\[22mstore-BxBS9ro6.js                         [2m   2.15 kB[22m [2m│ gzip:  1.03 kB[22m
[34mℹ[39m [2mdist\[22mpolls-DhK1CiFJ.js                         [2m   1.97 kB[22m [2m│ gzip:  0.63 kB[22m
[34mℹ[39m [2mdist\[22mcommand-poll-backoff-B1JXa7PG.js          [2m   1.96 kB[22m [2m│ gzip:  0.84 kB[22m
[34mℹ[39m [2mdist\[22maccounts-CFnPfubH.js                      [2m   1.80 kB[22m [2m│ gzip:  0.68 kB[22m
[34mℹ[39m [2mdist\[22maccounts-COTFdqOH.js                      [2m   1.77 kB[22m [2m│ gzip:  0.66 kB[22m
[34mℹ[39m [2mdist\[22mcommands-registry-Czj-cwoO.js             [2m   1.53 kB[22m [2m│ gzip:  0.58 kB[22m
[34mℹ[39m [2mdist\[22mmarkdown-tables-CioNgANY.js               [2m   1.50 kB[22m [2m│ gzip:  0.62 kB[22m
[34mℹ[39m [2mdist\[22mtargets-BMLBmy6M.js                       [2m   1.49 kB[22m [2m│ gzip:  0.58 kB[22m
[34mℹ[39m [2mdist\[22mdeliver-DtAKosxG.js                       [2m   1.46 kB[22m [2m│ gzip:  0.67 kB[22m
[34mℹ[39m [2mdist\[22mactive-listener-DZbdgGUf.js               [2m   1.41 kB[22m [2m│ gzip:  0.59 kB[22m
[34mℹ[39m [2mdist\[22mconversation-label-CNBWycc7.js            [2m   1.29 kB[22m [2m│ gzip:  0.56 kB[22m
[34mℹ[39m [2mdist\[22merrors-w2XkJRIz.js                        [2m   1.28 kB[22m [2m│ gzip:  0.55 kB[22m
[34mℹ[39m [2mdist\[22msend-Ci9ahoES.js                          [2m   1.23 kB[22m [2m│ gzip:  0.59 kB[22m
[34mℹ[39m [2mdist\[22mpath-guards-CQ1_Kor5.js                   [2m   1.18 kB[22m [2m│ gzip:  0.51 kB[22m
[34mℹ[39m [2mdist\[22mimage-BXN6qzuv.js                         [2m   1.17 kB[22m [2m│ gzip:  0.56 kB[22m
[34mℹ[39m [2mdist\[22mtables-DU7mn5dm.js                        [2m   1.15 kB[22m [2m│ gzip:  0.57 kB[22m
[34mℹ[39m [2mdist\[22mfetch-timeout-0KXs0_Zq.js                 [2m   1.14 kB[22m [2m│ gzip:  0.59 kB[22m
[34mℹ[39m [2mdist\[22mreplies-B-qR17iq.js                       [2m   1.08 kB[22m [2m│ gzip:  0.52 kB[22m
[34mℹ[39m [2mdist\[22msend-CVyPt037.js                          [2m   1.01 kB[22m [2m│ gzip:  0.50 kB[22m
[34mℹ[39m [2mdist\[22msend-DMooNEPS.js                          [2m   0.99 kB[22m [2m│ gzip:  0.49 kB[22m
[34mℹ[39m [2mdist\[22moutbound-Cj4-n5eO.js                      [2m   0.98 kB[22m [2m│ gzip:  0.48 kB[22m
[34mℹ[39m [2mdist\[22mskill-commands-DV87ki_j.js                [2m   0.89 kB[22m [2m│ gzip:  0.44 kB[22m
[34mℹ[39m [2mdist\[22mtokens-CFRKUUkf.js                        [2m   0.89 kB[22m [2m│ gzip:  0.43 kB[22m
[34mℹ[39m [2mdist\[22mauth-profiles-EesPcItP.js                 [2m   0.88 kB[22m [2m│ gzip:  0.46 kB[22m
[34mℹ[39m [2mdist\[22mboolean-BUHPvQiC.js                       [2m   0.87 kB[22m [2m│ gzip:  0.38 kB[22m
[34mℹ[39m [2mdist\[22msend-NVo-K4HE.js                          [2m   0.85 kB[22m [2m│ gzip:  0.44 kB[22m
[34mℹ[39m [2mdist\[22mpi-model-discovery-BQy1O1pP.js            [2m   0.79 kB[22m [2m│ gzip:  0.34 kB[22m
[34mℹ[39m [2mdist\[22mparse-duration-wjBa-ZEQ.js                [2m   0.76 kB[22m [2m│ gzip:  0.40 kB[22m
[34mℹ[39m [2mdist\[22mmanager-B3ydbqkx.js                       [2m   0.64 kB[22m [2m│ gzip:  0.35 kB[22m
[34mℹ[39m [2mdist\[22mtranscript-events-BJi9MxEr.js             [2m   0.60 kB[22m [2m│ gzip:  0.30 kB[22m
[34mℹ[39m [2mdist\[22moutbound-attachment-CP8FRtu2.js           [2m   0.58 kB[22m [2m│ gzip:  0.33 kB[22m
[34mℹ[39m [2mdist\[22mlogin-Doy9kN4h.js                         [2m   0.50 kB[22m [2m│ gzip:  0.29 kB[22m
[34mℹ[39m [2mdist\[22mdiagnostic-D9cWpbj2.js                    [2m   0.50 kB[22m [2m│ gzip:  0.28 kB[22m
[34mℹ[39m [2mdist\[22mchunk-DgKtf2Wx.js                         [2m   0.49 kB[22m [2m│ gzip:  0.24 kB[22m
[34mℹ[39m [2mdist\[22mresolve-route-B46l6L1K.js                 [2m   0.45 kB[22m [2m│ gzip:  0.26 kB[22m
[34mℹ[39m [2mdist\[22mmarkdown-tables-dDfpH3AK.js               [2m   0.42 kB[22m [2m│ gzip:  0.25 kB[22m
[34mℹ[39m [2mdist\[22mchat-type-nVc-2Cju.js                     [2m   0.34 kB[22m [2m│ gzip:  0.21 kB[22m
[34mℹ[39m [2mdist\[22mconfig-CYmIbs5o.js                        [2m   0.33 kB[22m [2m│ gzip:  0.21 kB[22m
[34mℹ[39m [2mdist\[22msecure-random-2HbbyW6b.js                 [2m   0.33 kB[22m [2m│ gzip:  0.21 kB[22m
[34mℹ[39m [2mdist\[22mproxy-CKFvOc9B.js                         [2m   0.31 kB[22m [2m│ gzip:  0.22 kB[22m
[34mℹ[39m [2mdist\[22mreply-prefix-l3aETePp.js                  [2m   0.30 kB[22m [2m│ gzip:  0.19 kB[22m
[34mℹ[39m [2mdist\[22mlegacy-names-DCpEi7W7.js                  [2m   0.27 kB[22m [2m│ gzip:  0.17 kB[22m
[34mℹ[39m [2mdist\[22mgithub-copilot-token-DUQFzWzZ.js          [2m   0.22 kB[22m [2m│ gzip:  0.18 kB[22m
[34mℹ[39m [2mdist\[22mpi-model-discovery-DR2PNxSg.js            [2m   0.21 kB[22m [2m│ gzip:  0.14 kB[22m
[34mℹ[39m [2mdist\[22mcommand-poll-backoff-B_beDfPA.js          [2m   0.19 kB[22m [2m│ gzip:  0.15 kB[22m
[34mℹ[39m [2mdist\[22mdiagnostic-session-state-BYiYuhe8.js      [2m   0.19 kB[22m [2m│ gzip:  0.12 kB[22m
[34mℹ[39m [2mdist\[22mconversation-label-DFwizVYp.js            [2m   0.12 kB[22m [2m│ gzip:  0.10 kB[22m
[34mℹ[39m [2mdist\[22mfetch-timeout-BqGnCOL5.js                 [2m   0.12 kB[22m [2m│ gzip:  0.11 kB[22m
[34mℹ[39m [2mdist\[22minbound-context-BjYL3bqM.js               [2m   0.11 kB[22m [2m│ gzip:  0.10 kB[22m
[34mℹ[39m [2mdist\[22mproxy-CTUO5asl.js                         [2m   0.09 kB[22m [2m│ gzip:  0.09 kB[22m
[34mℹ[39m [2mdist\[22mhooks-C5XdvrCH.js                         [2m   0.01 kB[22m [2m│ gzip:  0.03 kB[22m
[34mℹ[39m 128 files, total: 5192.03 kB
node_modules\.pnpm\prism-media@1.3.5_@discordjs+opus@0.10.0_opusscript@0.0.8\node_modules\prism-media\src\core\FFmpeg.js (126:35) [UNRESOLVED_IMPORT] Warning: Could not resolve 'ffmpeg-static' in node_modules/.pnpm/prism-media@1.3.5_@discordjs+opus@0.10.0_opusscript@0.0.8/node_modules/prism-media/src/core/FFmpeg.js
     ╭─[ node_modules/.pnpm/prism-media@1.3.5_@discordjs+opus@0.10.0_opusscript@0.0.8/node_modules/prism-media/src/core/FFmpeg.js:126:36 ]
     │
 126 │       const ffmpegStatic = require('ffmpeg-static');
     │                                    ───────┬───────  
     │                                           ╰───────── Module not found, treating it as an external dependency
─────╯

[PLUGIN_TIMINGS] Warning: Your build spent significant time in plugins. Here is a breakdown:
  - upstream-overlay (71%)
  - tsdown:external (29%)
See https://rolldown.rs/options/checks#plugintimings for more details.

[32m✔[39m Build complete in [32m27277ms[39m
[34mℹ[39m [2mdist\[22m[1mextensionAPI.js[22m                       [2m   2.74 kB[22m [2m│ gzip:  1.12 kB[22m
[34mℹ[39m [2mdist\[22mpi-embedded-Csi0lN7K.js               [2m2930.49 kB[22m
[34mℹ[39m [2mdist\[22mconfig-CRaVxOE1.js                    [2m 379.89 kB[22m [2m│ gzip: 78.87 kB[22m
[34mℹ[39m [2mdist\[22mpi-embedded-helpers-B-CoBcx8.js       [2m 226.93 kB[22m [2m│ gzip: 52.21 kB[22m
[34mℹ[39m [2mdist\[22mmodel-selection-DPkApdGk.js           [2m 140.92 kB[22m [2m│ gzip: 32.79 kB[22m
[34mℹ[39m [2mdist\[22mmanager-RRHnQe_9.js                   [2m 133.90 kB[22m [2m│ gzip: 30.09 kB[22m
[34mℹ[39m [2mdist\[22msend-DpbYVC_b.js                      [2m 106.98 kB[22m [2m│ gzip: 25.49 kB[22m
[34mℹ[39m [2mdist\[22msend-DBPQe1Tv.js                      [2m  82.69 kB[22m [2m│ gzip: 21.69 kB[22m
[34mℹ[39m [2mdist\[22mweb-DoEg004s.js                       [2m  82.25 kB[22m [2m│ gzip: 21.11 kB[22m
[34mℹ[39m [2mdist\[22mrunner-gGs-Au9e.js                    [2m  68.06 kB[22m [2m│ gzip: 16.10 kB[22m
[34mℹ[39m [2mdist\[22msessions-BgkzQQyN.js                  [2m  65.66 kB[22m [2m│ gzip: 17.16 kB[22m
[34mℹ[39m [2mdist\[22mpw-ai-DPzhZEmF.js                     [2m  63.29 kB[22m [2m│ gzip: 15.21 kB[22m
[34mℹ[39m [2mdist\[22mimage-BJA7pcsj.js                     [2m  59.91 kB[22m [2m│ gzip: 15.58 kB[22m
[34mℹ[39m [2mdist\[22mchrome-BxjRpNSH.js                    [2m  58.76 kB[22m [2m│ gzip: 15.10 kB[22m
[34mℹ[39m [2mdist\[22msubsystem-DLn50KOg.js                 [2m  54.74 kB[22m [2m│ gzip: 15.85 kB[22m
[34mℹ[39m [2mdist\[22mqmd-manager-JGdLUt0b.js               [2m  51.35 kB[22m [2m│ gzip: 13.00 kB[22m
[34mℹ[39m [2mdist\[22mskills-DsdfKAxJ.js                    [2m  46.80 kB[22m [2m│ gzip: 12.20 kB[22m
[34mℹ[39m [2mdist\[22mdeliver-CA_e7-Ux.js                   [2m  45.13 kB[22m [2m│ gzip: 11.20 kB[22m
[34mℹ[39m [2mdist\[22mssrf-DrUNRDs0.js                      [2m  36.96 kB[22m [2m│ gzip:  8.32 kB[22m
[34mℹ[39m [2mdist\[22mdock-PO4Tvw6G.js                      [2m  35.65 kB[22m [2m│ gzip:  6.76 kB[22m
[34mℹ[39m [2mdist\[22mcommands-registry-BmvmBkKg.js         [2m  32.62 kB[22m [2m│ gzip:  7.39 kB[22m
[34mℹ[39m [2mdist\[22magent-scope-BXHy69sY.js               [2m  29.70 kB[22m [2m│ gzip:  7.66 kB[22m
[34mℹ[39m [2mdist\[22mmanifest-registry-D3mFr7YG.js         [2m  27.68 kB[22m [2m│ gzip:  6.58 kB[22m
[34mℹ[39m [2mdist\[22mir-C1Xc5-e2.js                        [2m  27.37 kB[22m [2m│ gzip:  6.98 kB[22m
[34mℹ[39m [2mdist\[22mquery-expansion-CZsfWkXH.js           [2m  22.29 kB[22m [2m│ gzip:  7.64 kB[22m
[34mℹ[39m [2mdist\[22msend-DW_DDdWA.js                      [2m  17.51 kB[22m [2m│ gzip:  5.17 kB[22m
[34mℹ[39m [2mdist\[22mimage-ops-8ZD-E6HN.js                 [2m  17.38 kB[22m [2m│ gzip:  5.12 kB[22m
[34mℹ[39m [2mdist\[22msend-DHUdUl5-.js                      [2m  16.95 kB[22m [2m│ gzip:  4.54 kB[22m
[34mℹ[39m [2mdist\[22mplugins-CwnNOaRf.js                   [2m  16.10 kB[22m [2m│ gzip:  3.85 kB[22m
[34mℹ[39m [2mdist\[22msend-DW_FkFyM.js                      [2m  14.58 kB[22m [2m│ gzip:  4.30 kB[22m
[34mℹ[39m [2mdist\[22mtool-loop-detection-dTyxZ1mW.js       [2m  14.21 kB[22m [2m│ gzip:  3.59 kB[22m
[34mℹ[39m [2mdist\[22mchunk-gCTjOVMx.js                     [2m  12.64 kB[22m [2m│ gzip:  3.48 kB[22m
[34mℹ[39m [2mdist\[22mskill-commands-BfPJaC2P.js            [2m  11.70 kB[22m [2m│ gzip:  3.67 kB[22m
[34mℹ[39m [2mdist\[22mlogin-qr-BAymtq_2.js                  [2m  10.39 kB[22m [2m│ gzip:  3.61 kB[22m
[34mℹ[39m [2mdist\[22mdiagnostic-0bH_clwM.js                [2m   9.44 kB[22m [2m│ gzip:  2.42 kB[22m
[34mℹ[39m [2mdist\[22maccounts-CFfmBGUK.js                  [2m   8.84 kB[22m [2m│ gzip:  2.68 kB[22m
[34mℹ[39m [2mdist\[22mresolve-route-cdMGRn3m.js             [2m   8.71 kB[22m [2m│ gzip:  2.48 kB[22m
[34mℹ[39m [2mdist\[22mtool-images-OTdnwbll.js               [2m   8.49 kB[22m [2m│ gzip:  2.63 kB[22m
[34mℹ[39m [2mdist\[22mpaths-DN7cYHhD.js                     [2m   8.34 kB[22m [2m│ gzip:  2.25 kB[22m
[34mℹ[39m [2mdist\[22msession-key-DbMbWphX.js               [2m   8.26 kB[22m [2m│ gzip:  2.13 kB[22m
[34mℹ[39m [2mdist\[22moutbound-AZwrR12C.js                  [2m   7.33 kB[22m [2m│ gzip:  2.33 kB[22m
[34mℹ[39m [2mdist\[22mpaths-IZ9z_ULt.js                     [2m   6.88 kB[22m [2m│ gzip:  1.79 kB[22m
[34mℹ[39m [2mdist\[22mtarget-errors-DsOsE3ox.js             [2m   6.67 kB[22m [2m│ gzip:  2.02 kB[22m
[34mℹ[39m [2mdist\[22msession-D3J-XbRw.js                   [2m   6.52 kB[22m [2m│ gzip:  2.35 kB[22m
[34mℹ[39m [2mdist\[22mreply-prefix-CK__OKin.js              [2m   6.26 kB[22m [2m│ gzip:  1.86 kB[22m
[34mℹ[39m [2mdist\[22mlocal-roots-DOFnOmzt.js               [2m   6.16 kB[22m [2m│ gzip:  2.22 kB[22m
[34mℹ[39m [2mdist\[22mgemini-auth-B-DIFldn.js               [2m   5.83 kB[22m [2m│ gzip:  1.95 kB[22m
[34mℹ[39m [2mdist\[22mthinking-Bs-EQEwf.js                  [2m   4.75 kB[22m [2m│ gzip:  1.23 kB[22m
[34mℹ[39m [2mdist\[22mreplies-BJgdVyWM.js                   [2m   4.62 kB[22m [2m│ gzip:  1.49 kB[22m
[34mℹ[39m [2mdist\[22mfetch-guard-Drk9ojx2.js               [2m   4.41 kB[22m [2m│ gzip:  1.67 kB[22m
[34mℹ[39m [2mdist\[22mwhatsapp-actions-uCZrhBlP.js          [2m   4.33 kB[22m [2m│ gzip:  1.56 kB[22m
[34mℹ[39m [2mdist\[22msessions-C29vjKMa.js                  [2m   3.96 kB[22m [2m│ gzip:  1.21 kB[22m
[34mℹ[39m [2mdist\[22mgithub-copilot-token-8Al2J2KT.js      [2m   3.84 kB[22m [2m│ gzip:  1.49 kB[22m
[34mℹ[39m [2mdist\[22mpi-auth-json-DaQ6Ntao.js              [2m   3.81 kB[22m [2m│ gzip:  1.46 kB[22m
[34mℹ[39m [2mdist\[22mchannel-activity-B0y5SKcl.js          [2m   3.76 kB[22m [2m│ gzip:  1.25 kB[22m
[34mℹ[39m [2mdist\[22minbound-context-DcF0sURz.js           [2m   3.75 kB[22m [2m│ gzip:  1.07 kB[22m
[34mℹ[39m [2mdist\[22mredact-6POvsGU7.js                    [2m   3.60 kB[22m [2m│ gzip:  1.43 kB[22m
[34mℹ[39m [2mdist\[22mrender--kfy77tN.js                    [2m   3.30 kB[22m [2m│ gzip:  1.15 kB[22m
[34mℹ[39m [2mdist\[22maudio-preflight-DfL4cuU1.js           [2m   3.26 kB[22m [2m│ gzip:  1.38 kB[22m
[34mℹ[39m [2mdist\[22mmessage-channel-C1BAYQ9U.js           [2m   3.25 kB[22m [2m│ gzip:  1.09 kB[22m
[34mℹ[39m [2mdist\[22menv-ByULM85l.js                       [2m   3.08 kB[22m [2m│ gzip:  1.08 kB[22m
[34mℹ[39m [2mdist\[22mretry-BmT3xm1O.js                     [2m   2.98 kB[22m [2m│ gzip:  1.08 kB[22m
[34mℹ[39m [2mdist\[22msubagent-registry-Bqo1nbAI.js         [2m   2.53 kB[22m [2m│ gzip:  1.07 kB[22m
[34mℹ[39m [2mdist\[22mfetch-BLTrPdZR.js                     [2m   2.45 kB[22m [2m│ gzip:  0.86 kB[22m
[34mℹ[39m [2mdist\[22mlogin-epISmGmN.js                     [2m   2.34 kB[22m [2m│ gzip:  1.03 kB[22m
[34mℹ[39m [2mdist\[22mprovider-dispatcher-B07xLzST.js       [2m   2.25 kB[22m [2m│ gzip:  0.96 kB[22m
[34mℹ[39m [2mdist\[22msend-hRq8mrCy.js                      [2m   2.21 kB[22m [2m│ gzip:  0.86 kB[22m
[34mℹ[39m [2mdist\[22mdiagnostic-session-state-CR6KLbRA.js  [2m   2.21 kB[22m [2m│ gzip:  0.81 kB[22m
[34mℹ[39m [2mdist\[22mstore-C_E4Jg1z.js                     [2m   2.16 kB[22m [2m│ gzip:  1.04 kB[22m
[34mℹ[39m [2mdist\[22mbindings-D5yxB1kz.js                  [2m   2.15 kB[22m [2m│ gzip:  0.71 kB[22m
[34mℹ[39m [2mdist\[22mpolls-Xvu5Q0i8.js                     [2m   1.97 kB[22m [2m│ gzip:  0.63 kB[22m
[34mℹ[39m [2mdist\[22mcommand-poll-backoff-Cq73obhN.js      [2m   1.96 kB[22m [2m│ gzip:  0.84 kB[22m
[34mℹ[39m [2mdist\[22maccounts-CErm9S0F.js                  [2m   1.80 kB[22m [2m│ gzip:  0.68 kB[22m
[34mℹ[39m [2mdist\[22maccounts-BaHcn0-V.js                  [2m   1.77 kB[22m [2m│ gzip:  0.66 kB[22m
[34mℹ[39m [2mdist\[22mmarkdown-tables-waIfjXPu.js           [2m   1.50 kB[22m [2m│ gzip:  0.62 kB[22m
[34mℹ[39m [2mdist\[22mtargets-CffJGOQI.js                   [2m   1.49 kB[22m [2m│ gzip:  0.58 kB[22m
[34mℹ[39m [2mdist\[22mcommands-registry-CXv3cZ70.js         [2m   1.46 kB[22m [2m│ gzip:  0.55 kB[22m
[34mℹ[39m [2mdist\[22mactive-listener-CKT6Iu7Y.js           [2m   1.40 kB[22m [2m│ gzip:  0.59 kB[22m
[34mℹ[39m [2mdist\[22mdeliver-Ch9N2Py4.js                   [2m   1.35 kB[22m [2m│ gzip:  0.63 kB[22m
[34mℹ[39m [2mdist\[22mconversation-label-Blb7hbPg.js        [2m   1.29 kB[22m [2m│ gzip:  0.56 kB[22m
[34mℹ[39m [2mdist\[22merrors-B3-nqKYJ.js                    [2m   1.28 kB[22m [2m│ gzip:  0.55 kB[22m
[34mℹ[39m [2mdist\[22mpath-guards-CVp4U7h0.js               [2m   1.18 kB[22m [2m│ gzip:  0.51 kB[22m
[34mℹ[39m [2mdist\[22msend-BQ9EhKDH.js                      [2m   1.16 kB[22m [2m│ gzip:  0.56 kB[22m
[34mℹ[39m [2mdist\[22mtables-CDAfbG-x.js                    [2m   1.15 kB[22m [2m│ gzip:  0.57 kB[22m
[34mℹ[39m [2mdist\[22mfetch-timeout-BpWjYUi_.js             [2m   1.14 kB[22m [2m│ gzip:  0.59 kB[22m
[34mℹ[39m [2mdist\[22mimage-C_jTU962.js                     [2m   1.06 kB[22m [2m│ gzip:  0.51 kB[22m
[34mℹ[39m [2mdist\[22mreplies-3_9PO4Eh.js                   [2m   1.01 kB[22m [2m│ gzip:  0.49 kB[22m
[34mℹ[39m [2mdist\[22msend-DXUc__HW.js                      [2m   0.94 kB[22m [2m│ gzip:  0.48 kB[22m
[34mℹ[39m [2mdist\[22msend-CkRbmEni.js                      [2m   0.92 kB[22m [2m│ gzip:  0.46 kB[22m
[34mℹ[39m [2mdist\[22moutbound-BsswBpZ9.js                  [2m   0.91 kB[22m [2m│ gzip:  0.45 kB[22m
[34mℹ[39m [2mdist\[22mtokens-Bms_KJcU.js                    [2m   0.89 kB[22m [2m│ gzip:  0.43 kB[22m
[34mℹ[39m [2mdist\[22mauth-profiles-C_9Bsr0q.js             [2m   0.81 kB[22m [2m│ gzip:  0.44 kB[22m
[34mℹ[39m [2mdist\[22mpi-model-discovery-DK7l_1ah.js        [2m   0.79 kB[22m [2m│ gzip:  0.34 kB[22m
[34mℹ[39m [2mdist\[22mskill-commands-Do5eY4oF.js            [2m   0.79 kB[22m [2m│ gzip:  0.40 kB[22m
[34mℹ[39m [2mdist\[22msend-BXs-EqUc.js                      [2m   0.78 kB[22m [2m│ gzip:  0.41 kB[22m
[34mℹ[39m [2mdist\[22mtranscript-events-DvR3etmu.js         [2m   0.60 kB[22m [2m│ gzip:  0.30 kB[22m
[34mℹ[39m [2mdist\[22moutbound-attachment-D4rXHQFK.js       [2m   0.58 kB[22m [2m│ gzip:  0.34 kB[22m
[34mℹ[39m [2mdist\[22mmanager-C7hzmhIa.js                   [2m   0.57 kB[22m [2m│ gzip:  0.32 kB[22m
[34mℹ[39m [2mdist\[22mdiagnostic-HW5a8wDt.js                [2m   0.50 kB[22m [2m│ gzip:  0.28 kB[22m
[34mℹ[39m [2mdist\[22mchunk-CGD3jybh.js                     [2m   0.49 kB[22m [2m│ gzip:  0.24 kB[22m
[34mℹ[39m [2mdist\[22mlogin-DXE6Cy0o.js                     [2m   0.42 kB[22m [2m│ gzip:  0.26 kB[22m
[34mℹ[39m [2mdist\[22mresolve-route-DzG3sWbm.js             [2m   0.41 kB[22m [2m│ gzip:  0.24 kB[22m
[34mℹ[39m [2mdist\[22mmarkdown-tables-C34zpEmh.js           [2m   0.34 kB[22m [2m│ gzip:  0.22 kB[22m
[34mℹ[39m [2mdist\[22mchat-type-BOG47Ooh.js                 [2m   0.34 kB[22m [2m│ gzip:  0.21 kB[22m
[34mℹ[39m [2mdist\[22msecure-random-C2XKSO3-.js             [2m   0.33 kB[22m [2m│ gzip:  0.21 kB[22m
[34mℹ[39m [2mdist\[22mproxy-CEssK-FE.js                     [2m   0.31 kB[22m [2m│ gzip:  0.22 kB[22m
[34mℹ[39m [2mdist\[22mreply-prefix-DuU9hTCY.js              [2m   0.27 kB[22m [2m│ gzip:  0.17 kB[22m
[34mℹ[39m [2mdist\[22mgithub-copilot-token-CgwtmUii.js      [2m   0.22 kB[22m [2m│ gzip:  0.18 kB[22m
[34mℹ[39m [2mdist\[22mpi-model-discovery-i_VMllup.js        [2m   0.21 kB[22m [2m│ gzip:  0.14 kB[22m
[34mℹ[39m [2mdist\[22mcommand-poll-backoff-BSthAsX6.js      [2m   0.19 kB[22m [2m│ gzip:  0.15 kB[22m
[34mℹ[39m [2mdist\[22mdiagnostic-session-state-v3DfReDT.js  [2m   0.19 kB[22m [2m│ gzip:  0.13 kB[22m
[34mℹ[39m [2mdist\[22mconversation-label-BcoRtriY.js        [2m   0.12 kB[22m [2m│ gzip:  0.10 kB[22m
[34mℹ[39m [2mdist\[22mfetch-timeout-BRDUNWVo.js             [2m   0.12 kB[22m [2m│ gzip:  0.11 kB[22m
[34mℹ[39m [2mdist\[22minbound-context-DkJ3ufZM.js           [2m   0.11 kB[22m [2m│ gzip:  0.10 kB[22m
[34mℹ[39m [2mdist\[22mproxy-CF3oQ7Vc.js                     [2m   0.09 kB[22m [2m│ gzip:  0.09 kB[22m
[34mℹ[39m 115 files, total: 5154.18 kB
node_modules\.pnpm\prism-media@1.3.5_@discordjs+opus@0.10.0_opusscript@0.0.8\node_modules\prism-media\src\core\FFmpeg.js (126:35) [UNRESOLVED_IMPORT] Warning: Could not resolve 'ffmpeg-static' in node_modules/.pnpm/prism-media@1.3.5_@discordjs+opus@0.10.0_opusscript@0.0.8/node_modules/prism-media/src/core/FFmpeg.js
     ╭─[ node_modules/.pnpm/prism-media@1.3.5_@discordjs+opus@0.10.0_opusscript@0.0.8/node_modules/prism-media/src/core/FFmpeg.js:126:36 ]
     │
 126 │       const ffmpegStatic = require('ffmpeg-static');
     │                                    ───────┬───────  
     │                                           ╰───────── Module not found, treating it as an external dependency
─────╯

[PLUGIN_TIMINGS] Warning: Your build spent significant time in plugin `upstream-overlay`. See https://rolldown.rs/options/checks#plugintimings for more details.

[32m✔[39m Build complete in [32m27370ms[39m
[34mℹ[39m [2mdist\plugin-sdk\[22m[1mindex.js[22m                              [2m 138.71 kB[22m [2m│ gzip: 34.23 kB[22m
[34mℹ[39m [2mdist\plugin-sdk\[22mreply-iBgCynbD.js                     [2m2941.50 kB[22m
[34mℹ[39m [2mdist\plugin-sdk\[22mconfig-qUJxkp3o.js                    [2m 380.45 kB[22m [2m│ gzip: 79.08 kB[22m
[34mℹ[39m [2mdist\plugin-sdk\[22mpi-embedded-helpers-BQUlWDsF.js       [2m 226.63 kB[22m [2m│ gzip: 52.10 kB[22m
[34mℹ[39m [2mdist\plugin-sdk\[22mmodel-selection-_MrwNEh0.js           [2m 140.96 kB[22m [2m│ gzip: 32.56 kB[22m
[34mℹ[39m [2mdist\plugin-sdk\[22mmanager-C8XBeK6i.js                   [2m 133.92 kB[22m [2m│ gzip: 30.10 kB[22m
[34mℹ[39m [2mdist\plugin-sdk\[22msend-C0TK35BE.js                      [2m 107.22 kB[22m [2m│ gzip: 25.57 kB[22m
[34mℹ[39m [2mdist\plugin-sdk\[22msend-DXXHfOfg.js                      [2m  83.52 kB[22m [2m│ gzip: 21.80 kB[22m
[34mℹ[39m [2mdist\plugin-sdk\[22mchannel-web-C_rll3HZ.js               [2m  83.21 kB[22m [2m│ gzip: 20.98 kB[22m
[34mℹ[39m [2mdist\plugin-sdk\[22mrunner-BGcuXdM6.js                    [2m  68.68 kB[22m [2m│ gzip: 16.32 kB[22m
[34mℹ[39m [2mdist\plugin-sdk\[22msessions-Dys8I9wh.js                  [2m  65.66 kB[22m [2m│ gzip: 17.05 kB[22m
[34mℹ[39m [2mdist\plugin-sdk\[22mpw-ai-DunG4hp6.js                     [2m  63.30 kB[22m [2m│ gzip: 15.20 kB[22m
[34mℹ[39m [2mdist\plugin-sdk\[22mimage-BwIwMX0I.js                     [2m  59.91 kB[22m [2m│ gzip: 15.66 kB[22m
[34mℹ[39m [2mdist\plugin-sdk\[22mchrome-DCVBNx2D.js                    [2m  58.74 kB[22m [2m│ gzip: 15.09 kB[22m
[34mℹ[39m [2mdist\plugin-sdk\[22msubsystem-B6wnSndI.js                 [2m  55.12 kB[22m [2m│ gzip: 15.94 kB[22m
[34mℹ[39m [2mdist\plugin-sdk\[22mqmd-manager-uw4QtGd-.js               [2m  51.35 kB[22m [2m│ gzip: 12.99 kB[22m
[34mℹ[39m [2mdist\plugin-sdk\[22mskills-BI1-Oh3m.js                    [2m  47.21 kB[22m [2m│ gzip: 12.36 kB[22m
[34mℹ[39m [2mdist\plugin-sdk\[22mdeliver-CcfWShCz.js                   [2m  45.17 kB[22m [2m│ gzip: 11.22 kB[22m
[34mℹ[39m [2mdist\plugin-sdk\[22mdock-DSXGVakG.js                      [2m  37.45 kB[22m [2m│ gzip:  7.13 kB[22m
[34mℹ[39m [2mdist\plugin-sdk\[22mssrf-DntCOkdB.js                      [2m  37.18 kB[22m [2m│ gzip:  8.34 kB[22m
[34mℹ[39m [2mdist\plugin-sdk\[22mcommands-registry-CSHctrBp.js         [2m  32.62 kB[22m [2m│ gzip:  7.39 kB[22m
[34mℹ[39m [2mdist\plugin-sdk\[22magent-scope-CS5CAe51.js               [2m  29.70 kB[22m [2m│ gzip:  7.66 kB[22m
[34mℹ[39m [2mdist\plugin-sdk\[22mmanifest-registry-Dek801Fd.js         [2m  27.68 kB[22m [2m│ gzip:  6.58 kB[22m
[34mℹ[39m [2mdist\plugin-sdk\[22mir-D_Op-vdn.js                        [2m  27.37 kB[22m [2m│ gzip:  6.98 kB[22m
[34mℹ[39m [2mdist\plugin-sdk\[22mplugins-bQpH-GGJ.js                   [2m  26.32 kB[22m [2m│ gzip:  5.78 kB[22m
[34mℹ[39m [2mdist\plugin-sdk\[22mquery-expansion-DKSwEEMS.js           [2m  22.29 kB[22m [2m│ gzip:  7.63 kB[22m
[34mℹ[39m [2mdist\plugin-sdk\[22msend-3VBC75OH.js                      [2m  17.51 kB[22m [2m│ gzip:  5.19 kB[22m
[34mℹ[39m [2mdist\plugin-sdk\[22msend-BGESluUD.js                      [2m  17.40 kB[22m [2m│ gzip:  4.64 kB[22m
[34mℹ[39m [2mdist\plugin-sdk\[22mimage-ops-CELffkGu.js                 [2m  17.38 kB[22m [2m│ gzip:  5.12 kB[22m
[34mℹ[39m [2mdist\plugin-sdk\[22mtool-loop-detection-CVPOziow.js       [2m  14.21 kB[22m [2m│ gzip:  3.59 kB[22m
[34mℹ[39m [2mdist\plugin-sdk\[22msend-D8O4AGFG.js                      [2m  12.99 kB[22m [2m│ gzip:  3.89 kB[22m
[34mℹ[39m [2mdist\plugin-sdk\[22mchunk-DtPc-mFB.js                     [2m  12.67 kB[22m [2m│ gzip:  3.48 kB[22m
[34mℹ[39m [2mdist\plugin-sdk\[22mskill-commands-CjLSOk9-.js            [2m  12.37 kB[22m [2m│ gzip:  3.83 kB[22m
[34mℹ[39m [2mdist\plugin-sdk\[22mlogin-qr-BHw_Px0G.js                  [2m  10.40 kB[22m [2m│ gzip:  3.61 kB[22m
[34mℹ[39m [2mdist\plugin-sdk\[22mdiagnostic-l56i9NhR.js                [2m   9.63 kB[22m [2m│ gzip:  2.46 kB[22m
[34mℹ[39m [2mdist\plugin-sdk\[22maccounts-B28Ld8HX.js                  [2m   9.00 kB[22m [2m│ gzip:  2.71 kB[22m
[34mℹ[39m [2mdist\plugin-sdk\[22mresolve-route-Bxqc_jzE.js             [2m   8.72 kB[22m [2m│ gzip:  2.47 kB[22m
[34mℹ[39m [2mdist\plugin-sdk\[22mtool-images-CKCbBXPN.js               [2m   8.49 kB[22m [2m│ gzip:  2.63 kB[22m
[34mℹ[39m [2mdist\plugin-sdk\[22mpaths-DJ3sOMfo.js                     [2m   8.34 kB[22m [2m│ gzip:  2.25 kB[22m
[34mℹ[39m [2mdist\plugin-sdk\[22msession-key-C2-ixltU.js               [2m   8.26 kB[22m [2m│ gzip:  2.13 kB[22m
[34mℹ[39m [2mdist\plugin-sdk\[22moutbound-CyGZYmWz.js                  [2m   7.33 kB[22m [2m│ gzip:  2.33 kB[22m
[34mℹ[39m [2mdist\plugin-sdk\[22mpaths-y4kUde1z.js                     [2m   6.88 kB[22m [2m│ gzip:  1.79 kB[22m
[34mℹ[39m [2mdist\plugin-sdk\[22mtarget-errors-DXjghTC9.js             [2m   6.67 kB[22m [2m│ gzip:  2.02 kB[22m
[34mℹ[39m [2mdist\plugin-sdk\[22msession-BVeTrV7d.js                   [2m   6.53 kB[22m [2m│ gzip:  2.36 kB[22m
[34mℹ[39m [2mdist\plugin-sdk\[22mreply-prefix-B81JxKMU.js              [2m   6.26 kB[22m [2m│ gzip:  1.85 kB[22m
[34mℹ[39m [2mdist\plugin-sdk\[22mlocal-roots-mOIZzWxc.js               [2m   6.16 kB[22m [2m│ gzip:  2.22 kB[22m
[34mℹ[39m [2mdist\plugin-sdk\[22mapi-key-rotation-BgwV2l-U.js          [2m   5.83 kB[22m [2m│ gzip:  1.96 kB[22m
[34mℹ[39m [2mdist\plugin-sdk\[22mthinking-rSJjkOrC.js                  [2m   4.75 kB[22m [2m│ gzip:  1.23 kB[22m
[34mℹ[39m [2mdist\plugin-sdk\[22mreplies-G42Wi9jy.js                   [2m   4.62 kB[22m [2m│ gzip:  1.49 kB[22m
[34mℹ[39m [2mdist\plugin-sdk\[22mfetch-guard-DWS1YMxy.js               [2m   4.41 kB[22m [2m│ gzip:  1.67 kB[22m
[34mℹ[39m [2mdist\plugin-sdk\[22msessions-bKoXzCdM.js                  [2m   3.97 kB[22m [2m│ gzip:  1.22 kB[22m
[34mℹ[39m [2mdist\plugin-sdk\[22mgithub-copilot-token-fgTsnfVa.js      [2m   3.84 kB[22m [2m│ gzip:  1.49 kB[22m
[34mℹ[39m [2mdist\plugin-sdk\[22mpi-auth-json-LP3I5IYi.js              [2m   3.83 kB[22m [2m│ gzip:  1.46 kB[22m
[34mℹ[39m [2mdist\plugin-sdk\[22mchannel-activity-DmtrANyn.js          [2m   3.76 kB[22m [2m│ gzip:  1.25 kB[22m
[34mℹ[39m [2mdist\plugin-sdk\[22minbound-context-DKdzMSxY.js           [2m   3.75 kB[22m [2m│ gzip:  1.07 kB[22m
[34mℹ[39m [2mdist\plugin-sdk\[22mredact-DbCk-1Ad.js                    [2m   3.60 kB[22m [2m│ gzip:  1.43 kB[22m
[34mℹ[39m [2mdist\plugin-sdk\[22mrender-TS7EFFVm.js                    [2m   3.30 kB[22m [2m│ gzip:  1.15 kB[22m
[34mℹ[39m [2mdist\plugin-sdk\[22maudio-preflight-D7D3Cg8l.js           [2m   3.27 kB[22m [2m│ gzip:  1.40 kB[22m
[34mℹ[39m [2mdist\plugin-sdk\[22mmessage-channel-DBlOstqn.js           [2m   3.25 kB[22m [2m│ gzip:  1.09 kB[22m
[34mℹ[39m [2mdist\plugin-sdk\[22mwhatsapp-actions-Dl7LVj1q.js          [2m   3.25 kB[22m [2m│ gzip:  1.30 kB[22m
[34mℹ[39m [2mdist\plugin-sdk\[22mcommand-format-RtR15T3T.js            [2m   3.08 kB[22m [2m│ gzip:  1.08 kB[22m
[34mℹ[39m [2mdist\plugin-sdk\[22mretry-CFB_ziRt.js                     [2m   2.98 kB[22m [2m│ gzip:  1.08 kB[22m
[34mℹ[39m [2mdist\plugin-sdk\[22mstore-DZfVVmlG.js                     [2m   2.89 kB[22m [2m│ gzip:  1.30 kB[22m
[34mℹ[39m [2mdist\plugin-sdk\[22mweb-BmouQUxA.js                       [2m   2.66 kB[22m [2m│ gzip:  1.13 kB[22m
[34mℹ[39m [2mdist\plugin-sdk\[22msubagent-registry-BFd1lXsR.js         [2m   2.54 kB[22m [2m│ gzip:  1.08 kB[22m
[34mℹ[39m [2mdist\plugin-sdk\[22mfetch-D1XL7DsZ.js                     [2m   2.45 kB[22m [2m│ gzip:  0.85 kB[22m
[34mℹ[39m [2mdist\plugin-sdk\[22mlogin-4k_xxHgH.js                     [2m   2.35 kB[22m [2m│ gzip:  1.03 kB[22m
[34mℹ[39m [2mdist\plugin-sdk\[22mprovider-dispatcher-BuwXYDpk.js       [2m   2.27 kB[22m [2m│ gzip:  0.96 kB[22m
[34mℹ[39m [2mdist\plugin-sdk\[22msend-BER-AKrZ.js                      [2m   2.22 kB[22m [2m│ gzip:  0.86 kB[22m
[34mℹ[39m [2mdist\plugin-sdk\[22mdiagnostic-session-state-DPIn7ngX.js  [2m   2.21 kB[22m [2m│ gzip:  0.81 kB[22m
[34mℹ[39m [2mdist\plugin-sdk\[22mbindings-7RDoR02J.js                  [2m   2.15 kB[22m [2m│ gzip:  0.71 kB[22m
[34mℹ[39m [2mdist\plugin-sdk\[22mpolls-B3o785Z2.js                     [2m   1.97 kB[22m [2m│ gzip:  0.63 kB[22m
[34mℹ[39m [2mdist\plugin-sdk\[22mcommand-poll-backoff-D7laPBfW.js      [2m   1.96 kB[22m [2m│ gzip:  0.84 kB[22m
[34mℹ[39m [2mdist\plugin-sdk\[22maccounts-DiipheAQ.js                  [2m   1.95 kB[22m [2m│ gzip:  0.69 kB[22m
[34mℹ[39m [2mdist\plugin-sdk\[22maccounts-ChRKnqwV.js                  [2m   1.93 kB[22m [2m│ gzip:  0.70 kB[22m
[34mℹ[39m [2mdist\plugin-sdk\[22mmarkdown-tables-ChhudLah.js           [2m   1.50 kB[22m [2m│ gzip:  0.62 kB[22m
[34mℹ[39m [2mdist\plugin-sdk\[22mcommands-registry-zuITZZhr.js         [2m   1.47 kB[22m [2m│ gzip:  0.55 kB[22m
[34mℹ[39m [2mdist\plugin-sdk\[22mactive-listener-BgY3Dx8P.js           [2m   1.41 kB[22m [2m│ gzip:  0.59 kB[22m
[34mℹ[39m [2mdist\plugin-sdk\[22mdeliver-DwkXWu5O.js                   [2m   1.36 kB[22m [2m│ gzip:  0.63 kB[22m
[34mℹ[39m [2mdist\plugin-sdk\[22mresolve-outbound-target-Bj6jPpqa.js   [2m   1.31 kB[22m [2m│ gzip:  0.51 kB[22m
[34mℹ[39m [2mdist\plugin-sdk\[22mconversation-label-D4TR8bii.js        [2m   1.29 kB[22m [2m│ gzip:  0.56 kB[22m
[34mℹ[39m [2mdist\plugin-sdk\[22merrors-DMxSItOj.js                    [2m   1.28 kB[22m [2m│ gzip:  0.55 kB[22m
[34mℹ[39m [2mdist\plugin-sdk\[22mpath-guards-Blc5_aI2.js               [2m   1.18 kB[22m [2m│ gzip:  0.51 kB[22m
[34mℹ[39m [2mdist\plugin-sdk\[22msend-DCsnttZU.js                      [2m   1.17 kB[22m [2m│ gzip:  0.56 kB[22m
[34mℹ[39m [2mdist\plugin-sdk\[22mtables-BvSZ7FAg.js                    [2m   1.15 kB[22m [2m│ gzip:  0.57 kB[22m
[34mℹ[39m [2mdist\plugin-sdk\[22mfetch-timeout-BwkiqgBs.js             [2m   1.14 kB[22m [2m│ gzip:  0.59 kB[22m
[34mℹ[39m [2mdist\plugin-sdk\[22mimage-8daNbKcM.js                     [2m   1.07 kB[22m [2m│ gzip:  0.52 kB[22m
[34mℹ[39m [2mdist\plugin-sdk\[22mreplies--JWADtXF.js                   [2m   1.02 kB[22m [2m│ gzip:  0.50 kB[22m
[34mℹ[39m [2mdist\plugin-sdk\[22msend-bksp8TeQ.js                      [2m   0.95 kB[22m [2m│ gzip:  0.48 kB[22m
[34mℹ[39m [2mdist\plugin-sdk\[22msend-zhr3g4Tu.js                      [2m   0.93 kB[22m [2m│ gzip:  0.47 kB[22m
[34mℹ[39m [2mdist\plugin-sdk\[22moutbound-BS6j1o6z.js                  [2m   0.92 kB[22m [2m│ gzip:  0.46 kB[22m
[34mℹ[39m [2mdist\plugin-sdk\[22mtokens-CYxpXdff.js                    [2m   0.89 kB[22m [2m│ gzip:  0.43 kB[22m
[34mℹ[39m [2mdist\plugin-sdk\[22mauth-profiles-DyxilZ9G.js             [2m   0.82 kB[22m [2m│ gzip:  0.44 kB[22m
[34mℹ[39m [2mdist\plugin-sdk\[22mskill-commands-COC9Mcxq.js            [2m   0.80 kB[22m [2m│ gzip:  0.41 kB[22m
[34mℹ[39m [2mdist\plugin-sdk\[22mpi-model-discovery-6g7LKKSh.js        [2m   0.79 kB[22m [2m│ gzip:  0.34 kB[22m
[34mℹ[39m [2mdist\plugin-sdk\[22msend-CfURhtMN.js                      [2m   0.79 kB[22m [2m│ gzip:  0.42 kB[22m
[34mℹ[39m [2mdist\plugin-sdk\[22mtranscript-events-DX2BVxiL.js         [2m   0.60 kB[22m [2m│ gzip:  0.30 kB[22m
[34mℹ[39m [2mdist\plugin-sdk\[22mmanager-Cl2LTxSv.js                   [2m   0.59 kB[22m [2m│ gzip:  0.32 kB[22m
[34mℹ[39m [2mdist\plugin-sdk\[22moutbound-attachment-DuByoINf.js       [2m   0.58 kB[22m [2m│ gzip:  0.33 kB[22m
[34mℹ[39m [2mdist\plugin-sdk\[22mdiagnostic-BHxW0Moc.js                [2m   0.50 kB[22m [2m│ gzip:  0.28 kB[22m
[34mℹ[39m [2mdist\plugin-sdk\[22mchunk-C0a_j_Fj.js                     [2m   0.49 kB[22m [2m│ gzip:  0.24 kB[22m
[34mℹ[39m [2mdist\plugin-sdk\[22mlogin-BxrdrLPI.js                     [2m   0.44 kB[22m [2m│ gzip:  0.27 kB[22m
[34mℹ[39m [2mdist\plugin-sdk\[22mresolve-route-CRi-jVZz.js             [2m   0.41 kB[22m [2m│ gzip:  0.24 kB[22m
[34mℹ[39m [2mdist\plugin-sdk\[22mmarkdown-tables-DO1mOYN8.js           [2m   0.35 kB[22m [2m│ gzip:  0.22 kB[22m
[34mℹ[39m [2mdist\plugin-sdk\[22mchat-type-BnpXGcPi.js                 [2m   0.34 kB[22m [2m│ gzip:  0.21 kB[22m
[34mℹ[39m [2mdist\plugin-sdk\[22msecure-random-nsqBuLrh.js             [2m   0.33 kB[22m [2m│ gzip:  0.21 kB[22m
[34mℹ[39m [2mdist\plugin-sdk\[22mproxy-Bs9utVBP.js                     [2m   0.31 kB[22m [2m│ gzip:  0.22 kB[22m
[34mℹ[39m [2mdist\plugin-sdk\[22mreply-prefix-BoWkbuAs.js              [2m   0.27 kB[22m [2m│ gzip:  0.17 kB[22m
[34mℹ[39m [2mdist\plugin-sdk\[22mgithub-copilot-token-BkTW1O1f.js      [2m   0.22 kB[22m [2m│ gzip:  0.18 kB[22m
[34mℹ[39m [2mdist\plugin-sdk\[22mpi-model-discovery-CCaTowol.js        [2m   0.21 kB[22m [2m│ gzip:  0.14 kB[22m
[34mℹ[39m [2mdist\plugin-sdk\[22mcommand-poll-backoff-ezqshw3g.js      [2m   0.19 kB[22m [2m│ gzip:  0.15 kB[22m
[34mℹ[39m [2mdist\plugin-sdk\[22mdiagnostic-session-state-BP72dJyU.js  [2m   0.19 kB[22m [2m│ gzip:  0.13 kB[22m
[34mℹ[39m [2mdist\plugin-sdk\[22mconversation-label-DikyABqp.js        [2m   0.12 kB[22m [2m│ gzip:  0.10 kB[22m
[34mℹ[39m [2mdist\plugin-sdk\[22mfetch-timeout-wnIgRpjh.js             [2m   0.12 kB[22m [2m│ gzip:  0.11 kB[22m
[34mℹ[39m [2mdist\plugin-sdk\[22minbound-context-CVI9q7Ub.js           [2m   0.11 kB[22m [2m│ gzip:  0.10 kB[22m
[34mℹ[39m [2mdist\plugin-sdk\[22mproxy-DH5B9W0t.js                     [2m   0.09 kB[22m [2m│ gzip:  0.09 kB[22m
[34mℹ[39m 116 files, total: 5319.80 kB
node_modules\.pnpm\prism-media@1.3.5_@discordjs+opus@0.10.0_opusscript@0.0.8\node_modules\prism-media\src\core\FFmpeg.js (126:35) [UNRESOLVED_IMPORT] Warning: Could not resolve 'ffmpeg-static' in node_modules/.pnpm/prism-media@1.3.5_@discordjs+opus@0.10.0_opusscript@0.0.8/node_modules/prism-media/src/core/FFmpeg.js
     ╭─[ node_modules/.pnpm/prism-media@1.3.5_@discordjs+opus@0.10.0_opusscript@0.0.8/node_modules/prism-media/src/core/FFmpeg.js:126:36 ]
     │
 126 │       const ffmpegStatic = require('ffmpeg-static');
     │                                    ───────┬───────  
     │                                           ╰───────── Module not found, treating it as an external dependency
─────╯

[PLUGIN_TIMINGS] Warning: Your build spent significant time in plugins. Here is a breakdown:
  - upstream-overlay (70%)
  - tsdown:external (30%)
See https://rolldown.rs/options/checks#plugintimings for more details.

[32m✔[39m Build complete in [32m27394ms[39m
[34mℹ[39m Granting execute permission to [4mdist\index.js[24m
[34mℹ[39m Granting execute permission to [4mdist\entry.js[24m
[34mℹ[39m [2mdist\[22m[1mindex.js[22m                                     [2m  20.89 kB[22m [2m│ gzip:  7.19 kB[22m
[34mℹ[39m [2mdist\[22mreply-ChmQG4Wk.js                            [2m2766.74 kB[22m
[34mℹ[39m [2mdist\[22mgateway-cli-DfRpxcl2.js                      [2m1031.08 kB[22m
[34mℹ[39m [2mdist\[22mconfig-Bn-vSLU7.js                           [2m 382.34 kB[22m [2m│ gzip: 79.36 kB[22m
[34mℹ[39m [2mdist\[22mredact-snapshot-OGyKZe79.js                  [2m 199.21 kB[22m [2m│ gzip: 55.09 kB[22m
[34mℹ[39m [2mdist\[22mmodel-selection-tqfwame8.js                  [2m 149.03 kB[22m [2m│ gzip: 34.41 kB[22m
[34mℹ[39m [2mdist\[22mmanager-DXuH5-jf.js                          [2m 133.95 kB[22m [2m│ gzip: 30.10 kB[22m
[34mℹ[39m [2mdist\[22maudit-Y7F4hzEb.js                            [2m 128.69 kB[22m [2m│ gzip: 30.89 kB[22m
[34mℹ[39m [2mdist\[22mtui-C8SSxnnN.js                              [2m 108.05 kB[22m [2m│ gzip: 26.56 kB[22m
[34mℹ[39m [2mdist\[22msend-CSKSvGkM.js                             [2m 107.04 kB[22m [2m│ gzip: 25.55 kB[22m
[34mℹ[39m [2mdist\[22mi18n-Rjp5UAMw.js                             [2m 104.26 kB[22m [2m│ gzip: 29.86 kB[22m
[34mℹ[39m [2mdist\[22mmodels-cli-CKDpuYEf.js                       [2m  97.28 kB[22m [2m│ gzip: 23.58 kB[22m
[34mℹ[39m [2mdist\[22msandbox-DqMK2Vag.js                          [2m  87.34 kB[22m [2m│ gzip: 21.18 kB[22m
[34mℹ[39m [2mdist\[22mprompt-select-styled-BMDD1YN-.js             [2m  83.07 kB[22m [2m│ gzip: 22.25 kB[22m
[34mℹ[39m [2mdist\[22mchannel-web-D5VX7BXv.js                      [2m  80.69 kB[22m [2m│ gzip: 20.36 kB[22m
[34mℹ[39m [2mdist\[22msessions-YYWqBYPe.js                         [2m  76.03 kB[22m [2m│ gzip: 19.27 kB[22m
[34mℹ[39m [2mdist\[22mstatus-BXvgl4lv.js                           [2m  75.68 kB[22m [2m│ gzip: 19.38 kB[22m
[34mℹ[39m [2mdist\[22msend-CmpkzXRY.js                             [2m  70.46 kB[22m [2m│ gzip: 18.73 kB[22m
[34mℹ[39m [2mdist\[22mrunner-BM6uIGqA.js                           [2m  69.64 kB[22m [2m│ gzip: 16.53 kB[22m
[34mℹ[39m [2mdist\[22mbrowser-cli-BrupEhdN.js                      [2m  67.15 kB[22m [2m│ gzip: 12.49 kB[22m
[34mℹ[39m [2mdist\[22mauth-choice-CsPgJprb.js                      [2m  64.98 kB[22m [2m│ gzip: 14.00 kB[22m
[34mℹ[39m [2mdist\[22mpw-ai-CGeuz50b.js                            [2m  63.62 kB[22m [2m│ gzip: 15.36 kB[22m
[34mℹ[39m [2mdist\[22mdoctor-config-flow-BMFJMWm_.js               [2m  63.37 kB[22m [2m│ gzip: 13.95 kB[22m
[34mℹ[39m [2mdist\[22mprotocol-D67ddhLG.js                         [2m  58.08 kB[22m [2m│ gzip:  8.86 kB[22m
[34mℹ[39m [2mdist\[22mchannels-cli-Bzq13bBa.js                     [2m  57.09 kB[22m [2m│ gzip: 15.16 kB[22m
[34mℹ[39m [2mdist\[22mroutes-CLHwI-91.js                           [2m  57.01 kB[22m [2m│ gzip: 10.99 kB[22m
[34mℹ[39m [2mdist\[22mchrome-DztU4O7k.js                           [2m  55.92 kB[22m [2m│ gzip: 14.18 kB[22m
[34mℹ[39m [2mdist\[22mhealth-DjhAD31z.js                           [2m  53.64 kB[22m [2m│ gzip: 12.79 kB[22m
[34mℹ[39m [2mdist\[22mnodes-cli-BAcOhjM8.js                        [2m  53.60 kB[22m [2m│ gzip: 12.06 kB[22m
[34mℹ[39m [2mdist\[22mupdate-cli-lVzIltJg.js                       [2m  52.95 kB[22m [2m│ gzip: 15.35 kB[22m
[34mℹ[39m [2mdist\[22mqmd-manager-CNo0IUPD.js                      [2m  51.41 kB[22m [2m│ gzip: 13.03 kB[22m
[34mℹ[39m [2mdist\[22mmodels-Cc2Y_gZh.js                           [2m  46.97 kB[22m [2m│ gzip:  9.51 kB[22m
[34mℹ[39m [2mdist\[22mnode-cli-BeNfGRZ-.js                         [2m  46.68 kB[22m [2m│ gzip: 12.64 kB[22m
[34mℹ[39m [2mdist\[22mpi-embedded-helpers-BkMT-I4x.js              [2m  44.61 kB[22m [2m│ gzip: 11.75 kB[22m
[34mℹ[39m [2mdist\[22macp-cli-DLuROSoe.js                          [2m  44.36 kB[22m [2m│ gzip: 11.84 kB[22m
[34mℹ[39m [2mdist\[22mdeliver-BGMDq2as.js                          [2m  43.09 kB[22m [2m│ gzip: 10.63 kB[22m
[34mℹ[39m [2mdist\[22mregister.agent-BxZNaTDK.js                   [2m  42.15 kB[22m [2m│ gzip: 11.69 kB[22m
[34mℹ[39m [2mdist\[22msubsystem-B2jnfYwt.js                        [2m  41.44 kB[22m [2m│ gzip: 11.67 kB[22m
[34mℹ[39m [2mdist\[22monboard-auth-B7EpiIjg.js                     [2m  40.20 kB[22m [2m│ gzip:  7.30 kB[22m
[34mℹ[39m [2mdist\[22mskills-dfGDEqB5.js                           [2m  39.03 kB[22m [2m│ gzip: 10.43 kB[22m
[34mℹ[39m [2mdist\[22mtool-display-CKMMij1P.js                     [2m  36.34 kB[22m [2m│ gzip:  8.84 kB[22m
[34mℹ[39m [2mdist\[22mhooks-cli-CzXKmSRa.js                        [2m  35.90 kB[22m [2m│ gzip:  9.40 kB[22m
[34mℹ[39m [2mdist\[22mdock-DIvXhsGJ.js                             [2m  35.76 kB[22m [2m│ gzip:  6.80 kB[22m
[34mℹ[39m [2mdist\[22mclient-CHd44bBz.js                           [2m  35.64 kB[22m [2m│ gzip:  8.49 kB[22m
[34mℹ[39m [2mdist\[22mmemory-cli-BnVTcgBD.js                       [2m  34.45 kB[22m [2m│ gzip:  8.72 kB[22m
[34mℹ[39m [2mdist\[22mserver-context-CTXZSlTx.js                   [2m  34.44 kB[22m [2m│ gzip:  8.80 kB[22m
[34mℹ[39m [2mdist\[22mregister.message-Ba9Z3DSc.js                 [2m  34.24 kB[22m [2m│ gzip:  8.51 kB[22m
[34mℹ[39m [2mdist\[22mconfigure-CWUnE3qO.js                        [2m  33.40 kB[22m [2m│ gzip:  9.28 kB[22m
[34mℹ[39m [2mdist\[22mdaemon-cli-DovMw1ud.js                       [2m  32.91 kB[22m [2m│ gzip:  8.80 kB[22m
[34mℹ[39m [2mdist\[22mip-Bhidx0Mv.js                               [2m  32.11 kB[22m [2m│ gzip:  7.01 kB[22m
[34mℹ[39m [2mdist\[22mcommands-registry-IrcQ9Sdq.js                [2m  31.10 kB[22m [2m│ gzip:  7.09 kB[22m
[34mℹ[39m [2mdist\[22mplugins-cli-fT6-RqGg.js                      [2m  29.67 kB[22m [2m│ gzip:  8.48 kB[22m
[34mℹ[39m [2mdist\[22mmanifest-registry-kc3QgdDp.js                [2m  28.80 kB[22m [2m│ gzip:  6.86 kB[22m
[34mℹ[39m [2mdist\[22mir-BvEbvXqv.js                               [2m  27.41 kB[22m [2m│ gzip:  6.99 kB[22m
[34mℹ[39m [2mdist\[22mcron-cli-icjK-bBQ.js                         [2m  26.16 kB[22m [2m│ gzip:  6.57 kB[22m
[34mℹ[39m [2mdist\[22mpush-apns-DDLkfnZ7.js                        [2m  25.54 kB[22m [2m│ gzip:  7.11 kB[22m
[34mℹ[39m [2mdist\[22msession-dirs-Cw_TR7qR.js                     [2m  25.35 kB[22m [2m│ gzip:  5.68 kB[22m
[34mℹ[39m [2mdist\[22msession-cost-usage-DOfGxgPj.js               [2m  24.93 kB[22m [2m│ gzip:  5.97 kB[22m
[34mℹ[39m [2mdist\[22mservice-Gy8TaYhg.js                          [2m  23.83 kB[22m [2m│ gzip:  6.17 kB[22m
[34mℹ[39m [2mdist\[22mauth-choice-BPMrjn06.js                      [2m  22.61 kB[22m [2m│ gzip:  4.46 kB[22m
[34mℹ[39m [2mdist\[22msandbox-cli-BGXTldh1.js                      [2m  22.59 kB[22m [2m│ gzip:  5.93 kB[22m
[34mℹ[39m [2mdist\[22mskill-commands-pwdYBQRT.js                   [2m  22.38 kB[22m [2m│ gzip:  6.09 kB[22m
[34mℹ[39m [2mdist\[22mquery-expansion-DUQpKU38.js                  [2m  22.29 kB[22m [2m│ gzip:  7.63 kB[22m
[34mℹ[39m [2mdist\[22monboard-channels-BVKjWzfa.js                 [2m  22.28 kB[22m [2m│ gzip:  5.75 kB[22m
[34mℹ[39m [2mdist\[22mregister.maintenance-MuwDZgxZ.js             [2m  21.79 kB[22m [2m│ gzip:  6.47 kB[22m
[34mℹ[39m [2mdist\[22mutils-BJDEr-co.js                            [2m  21.33 kB[22m [2m│ gzip:  6.74 kB[22m
[34mℹ[39m [2mdist\[22magent-scope-CCbANKkP.js                      [2m  19.96 kB[22m [2m│ gzip:  5.20 kB[22m
[34mℹ[39m [2mdist\[22mimage-CIrpW6ex.js                            [2m  19.81 kB[22m [2m│ gzip:  5.86 kB[22m
[34mℹ[39m [2mdist\[22monboarding.finalize-Ccle3-Br.js              [2m  19.78 kB[22m [2m│ gzip:  6.37 kB[22m
[34mℹ[39m [2mdist\[22mskills-install-C_v1GfOg.js                   [2m  18.55 kB[22m [2m│ gzip:  5.12 kB[22m
[34mℹ[39m [2mdist\[22mdaemon-install-helpers-DKUjEZQ6.js           [2m  18.22 kB[22m [2m│ gzip:  4.77 kB[22m
[34mℹ[39m [2mdist\[22monboard-DbCxtyij.js                          [2m  17.60 kB[22m [2m│ gzip:  4.47 kB[22m
[34mℹ[39m [2mdist\[22msend-YdrSIyit.js                             [2m  17.51 kB[22m [2m│ gzip:  5.20 kB[22m
[34mℹ[39m [2mdist\[22msystemd-DdRS-Xkh.js                          [2m  17.34 kB[22m [2m│ gzip:  4.96 kB[22m
[34mℹ[39m [2mdist\[22mserver-node-events-Dn_ea0Xz.js               [2m  16.98 kB[22m [2m│ gzip:  5.27 kB[22m
[34mℹ[39m [2mdist\[22msend-DQL8p-45.js                             [2m  16.94 kB[22m [2m│ gzip:  4.55 kB[22m
[34mℹ[39m [2mdist\[22mcall-CrE_fJMb.js                             [2m  16.75 kB[22m [2m│ gzip:  5.04 kB[22m
[34mℹ[39m [2mdist\[22mcompletion-cli-CbSNU4nD.js                   [2m  16.65 kB[22m [2m│ gzip:  4.60 kB[22m
[34mℹ[39m [2mdist\[22msecurity-cli-CUswM3YO.js                     [2m  16.64 kB[22m [2m│ gzip:  4.83 kB[22m
[34mℹ[39m [2mdist\[22monboard-custom-Bjo3ZNiq.js                   [2m  16.47 kB[22m [2m│ gzip:  4.75 kB[22m
[34mℹ[39m [2mdist\[22mmodel-picker-BVUy5qC3.js                     [2m  16.30 kB[22m [2m│ gzip:  4.33 kB[22m
[34mℹ[39m [2mdist\[22mplugins-DIhvopLv.js                          [2m  16.14 kB[22m [2m│ gzip:  3.86 kB[22m
[34mℹ[39m [2mdist\[22mregister.status-health-sessions-Bxj3UQOw.js  [2m  15.81 kB[22m [2m│ gzip:  5.36 kB[22m
[34mℹ[39m [2mdist\[22mprogram-context-B1bJ3Sba.js                  [2m  15.68 kB[22m [2m│ gzip:  3.68 kB[22m
[34mℹ[39m [2mdist\[22mpairing-store-DsS56x1C.js                    [2m  15.58 kB[22m [2m│ gzip:  3.90 kB[22m
[34mℹ[39m [2mdist\[22minstall-safe-path-BGUFOkaT.js                [2m  15.26 kB[22m [2m│ gzip:  4.41 kB[22m
[34mℹ[39m [2mdist\[22mauth-B_39k6Dz.js                             [2m  15.21 kB[22m [2m│ gzip:  4.13 kB[22m
[34mℹ[39m [2mdist\[22mgmail-setup-utils-YEpHn9TL.js                [2m  15.18 kB[22m [2m│ gzip:  4.51 kB[22m
[34mℹ[39m [2mdist\[22mwebhooks-cli-CxvDTa9Z.js                     [2m  14.97 kB[22m [2m│ gzip:  4.21 kB[22m
[34mℹ[39m [2mdist\[22msend-_5mCD63j.js                             [2m  14.57 kB[22m [2m│ gzip:  4.29 kB[22m
[34mℹ[39m [2mdist\[22mtool-loop-detection-r5-aHbh5.js              [2m  14.25 kB[22m [2m│ gzip:  3.60 kB[22m
[34mℹ[39m [2mdist\[22mimage-ops-DDQXc8yl.js                        [2m  14.04 kB[22m [2m│ gzip:  4.16 kB[22m
[34mℹ[39m [2mdist\[22mlifecycle-core-D20VjqrC.js                   [2m  13.74 kB[22m [2m│ gzip:  3.59 kB[22m
[34mℹ[39m [2mdist\[22mexec-approvals-cli-Bfzgv1bF.js               [2m  13.62 kB[22m [2m│ gzip:  3.99 kB[22m
[34mℹ[39m [2mdist\[22monboard-helpers-CL5NMx6a.js                  [2m  13.46 kB[22m [2m│ gzip:  4.26 kB[22m
[34mℹ[39m [2mdist\[22monboarding-De3EP_P6.js                       [2m  13.44 kB[22m [2m│ gzip:  4.14 kB[22m
[34mℹ[39m [2mdist\[22mnpm-registry-spec-BhsvNn-K.js                [2m  12.91 kB[22m [2m│ gzip:  3.68 kB[22m
[34mℹ[39m [2mdist\[22mbonjour-discovery-CVA8mSRt.js                [2m  12.87 kB[22m [2m│ gzip:  3.74 kB[22m
[34mℹ[39m [2mdist\[22mchunk-DwbLJqB4.js                            [2m  12.64 kB[22m [2m│ gzip:  3.47 kB[22m
[34mℹ[39m [2mdist\[22mchannel-account-context-C_e7KTCF.js          [2m  12.43 kB[22m [2m│ gzip:  3.30 kB[22m
[34mℹ[39m [2mdist\[22mqr-cli-BNvpB1tf.js                           [2m  12.41 kB[22m [2m│ gzip:  3.81 kB[22m
[34mℹ[39m [2mdist\[22mdevices-cli-C2Hsaukb.js                      [2m  12.34 kB[22m [2m│ gzip:  3.46 kB[22m
[34mℹ[39m [2mdist\[22mports-Bv76GsqU.js                            [2m  11.95 kB[22m [2m│ gzip:  3.77 kB[22m
[34mℹ[39m [2mdist\[22minstalls-Bx8dH0AK.js                         [2m  11.75 kB[22m [2m│ gzip:  3.11 kB[22m
[34mℹ[39m [2mdist\[22mexec-approvals-Dk1tlC_5.js                   [2m  11.71 kB[22m [2m│ gzip:  3.21 kB[22m
[34mℹ[39m [2mdist\[22msystemd-hints-CUwnWOTZ.js                    [2m  11.70 kB[22m [2m│ gzip:  3.32 kB[22m
[34mℹ[39m [2mdist\[22mskills-cli-CkfJ8LeH.js                       [2m  10.96 kB[22m [2m│ gzip:  3.02 kB[22m
[34mℹ[39m [2mdist\[22mplugin-auto-enable-B44hSWDj.js               [2m  10.91 kB[22m [2m│ gzip:  2.73 kB[22m
[34mℹ[39m [2mdist\[22mlogin-qr-CycCzTzw.js                         [2m  10.60 kB[22m [2m│ gzip:  3.69 kB[22m
[34mℹ[39m [2mdist\[22mmodel-Bb1ZQajE.js                            [2m  10.27 kB[22m [2m│ gzip:  2.71 kB[22m
[34mℹ[39m [2mdist\[22mupdate-i1hFiRJR.js                           [2m   9.95 kB[22m [2m│ gzip:  2.48 kB[22m
[34mℹ[39m [2mdist\[22mworkspace-J8aFt-h0.js                        [2m   9.86 kB[22m [2m│ gzip:  2.97 kB[22m
[34mℹ[39m [2mdist\[22maccounts-DcJMqu_m.js                         [2m   9.83 kB[22m [2m│ gzip:  2.91 kB[22m
[34mℹ[39m [2mdist\[22mfrontmatter-keog4BK2.js                      [2m   9.46 kB[22m [2m│ gzip:  2.80 kB[22m
[34mℹ[39m [2mdist\[22mdiagnostic-Diuavgd2.js                       [2m   9.44 kB[22m [2m│ gzip:  2.42 kB[22m
[34mℹ[39m [2mdist\[22mconfig-cli-DzE9MZJQ.js                       [2m   9.39 kB[22m [2m│ gzip:  2.74 kB[22m
[34mℹ[39m [2mdist\[22mexec-approvals-allowlist-B-PDpUxa.js         [2m   9.30 kB[22m [2m│ gzip:  2.29 kB[22m
[34mℹ[39m [2mdist\[22mtailscale-BaFs45wA.js                        [2m   9.24 kB[22m [2m│ gzip:  2.91 kB[22m
[34mℹ[39m [2mdist\[22msession-key-DASiQog_.js                      [2m   9.15 kB[22m [2m│ gzip:  2.27 kB[22m
[34mℹ[39m [2mdist\[22mpaths-B9DRPaob.js                            [2m   9.13 kB[22m [2m│ gzip:  2.48 kB[22m
[34mℹ[39m [2mdist\[22mlogs-cli-Cd5cCBVa.js                         [2m   8.92 kB[22m [2m│ gzip:  3.03 kB[22m
[34mℹ[39m [2mdist\[22mpi-tools.policy-DdZZ8hck.js                  [2m   8.75 kB[22m [2m│ gzip:  2.61 kB[22m
[34mℹ[39m [2mdist\[22mresolve-route-1QgZSfao.js                    [2m   8.75 kB[22m [2m│ gzip:  2.48 kB[22m
[34mℹ[39m [2mdist\[22minspect-CRZG3mad.js                          [2m   8.61 kB[22m [2m│ gzip:  2.51 kB[22m
[34mℹ[39m [2mdist\[22mtable-DXp0PZ4F.js                            [2m   8.49 kB[22m [2m│ gzip:  2.77 kB[22m
[34mℹ[39m [2mdist\[22mtool-images-CZB-Ixgp.js                      [2m   8.49 kB[22m [2m│ gzip:  2.63 kB[22m
[34mℹ[39m [2mdist\[22mnodes-screen-Dqxn2Ash.js                     [2m   8.27 kB[22m [2m│ gzip:  2.43 kB[22m
[34mℹ[39m [2mdist\[22mregister.onboard-CM9Tq0y3.js                 [2m   8.22 kB[22m [2m│ gzip:  2.85 kB[22m
[34mℹ[39m [2mdist\[22mprovider-auth-helpers-CH9CoNVu.js            [2m   8.17 kB[22m [2m│ gzip:  2.92 kB[22m
[34mℹ[39m [2mdist\[22mexec-BJaG1p1K.js                             [2m   8.13 kB[22m [2m│ gzip:  2.61 kB[22m
[34mℹ[39m [2mdist\[22mauth-choice-options-Boeh-6iK.js              [2m   7.92 kB[22m [2m│ gzip:  2.09 kB[22m
[34mℹ[39m [2mdist\[22mdns-cli-CQVwEwBq.js                          [2m   7.91 kB[22m [2m│ gzip:  2.95 kB[22m
[34mℹ[39m [2mdist\[22mdirectory-cli-D9zJTXJo.js                    [2m   7.70 kB[22m [2m│ gzip:  2.39 kB[22m
[34mℹ[39m [2mdist\[22mdelivery-queue-BScwG732.js                   [2m   7.67 kB[22m [2m│ gzip:  2.50 kB[22m
[34mℹ[39m [2mdist\[22mws-D5KDQhdK.js                               [2m   7.65 kB[22m [2m│ gzip:  2.61 kB[22m
[34mℹ[39m [2mdist\[22mskill-scanner-8ote_OXM.js                    [2m   7.39 kB[22m [2m│ gzip:  2.47 kB[22m
[34mℹ[39m [2mdist\[22moutbound-DXuAqreY.js                         [2m   7.37 kB[22m [2m│ gzip:  2.34 kB[22m
[34mℹ[39m [2mdist\[22mssrf-8-__Rq-a.js                             [2m   7.17 kB[22m [2m│ gzip:  2.15 kB[22m
[34mℹ[39m [2mdist\[22mcatalog-CrvZIvOk.js                          [2m   7.06 kB[22m [2m│ gzip:  2.15 kB[22m
[34mℹ[39m [2mdist\[22mpaths-DKB8s1Q1.js                            [2m   6.88 kB[22m [2m│ gzip:  1.79 kB[22m
[34mℹ[39m [2mdist\[22mzai-endpoint-detect-sADX67Md.js              [2m   6.81 kB[22m [2m│ gzip:  2.21 kB[22m
[34mℹ[39m [2mdist\[22mchat-envelope-I6uGBlc7.js                    [2m   6.78 kB[22m [2m│ gzip:  2.36 kB[22m
[34mℹ[39m [2mdist\[22mtarget-errors-BoDr-UvB.js                    [2m   6.69 kB[22m [2m│ gzip:  2.02 kB[22m
[34mℹ[39m [2mdist\[22mcontrol-ui-assets-qchrzM5n.js                [2m   6.62 kB[22m [2m│ gzip:  2.09 kB[22m
[34mℹ[39m [2mdist\[22msession-URQZEWCH.js                          [2m   6.52 kB[22m [2m│ gzip:  2.35 kB[22m
[34mℹ[39m [2mdist\[22mskills-status-DN_vzg2W.js                    [2m   6.35 kB[22m [2m│ gzip:  2.10 kB[22m
[34mℹ[39m [2mdist\[22monboarding.gateway-config-C1w5KqCT.js        [2m   6.29 kB[22m [2m│ gzip:  2.15 kB[22m
[34mℹ[39m [2mdist\[22mreply-prefix-D_kZPtIT.js                     [2m   6.26 kB[22m [2m│ gzip:  1.85 kB[22m
[34mℹ[39m [2mdist\[22mlocal-roots-CEYcU6Pu.js                      [2m   6.16 kB[22m [2m│ gzip:  2.21 kB[22m
[34mℹ[39m [2mdist\[22mregister.configure-DLbvi4bH.js               [2m   6.12 kB[22m [2m│ gzip:  2.59 kB[22m
[34mℹ[39m [2mdist\[22mpairing-cli-4XWJFvQV.js                      [2m   6.08 kB[22m [2m│ gzip:  2.13 kB[22m
[34mℹ[39m [2mdist\[22mapi-key-rotation-DLVYGegK.js                 [2m   5.83 kB[22m [2m│ gzip:  1.96 kB[22m
[34mℹ[39m [2mdist\[22mdocs-cli-cHtGWgBX.js                         [2m   5.71 kB[22m [2m│ gzip:  2.10 kB[22m
[34mℹ[39m [2mdist\[22monboard-skills-BgEnIBbH.js                   [2m   5.62 kB[22m [2m│ gzip:  2.12 kB[22m
[34mℹ[39m [2mdist\[22mcli-BvSUCPyF.js                              [2m   5.49 kB[22m [2m│ gzip:  2.26 kB[22m
[34mℹ[39m [2mdist\[22mconfigure-D_zDiCCA.js                        [2m   5.45 kB[22m [2m│ gzip:  2.21 kB[22m
[34mℹ[39m [2mdist\[22mentry-status-CYrPFsKF.js                     [2m   5.39 kB[22m [2m│ gzip:  1.16 kB[22m
[34mℹ[39m [2mdist\[22mregister.setup-C5X5Ol2g.js                   [2m   5.11 kB[22m [2m│ gzip:  2.04 kB[22m
[34mℹ[39m [2mdist\[22mwidearea-dns-H81pDyO8.js                     [2m   5.05 kB[22m [2m│ gzip:  1.94 kB[22m
[34mℹ[39m [2mdist\[22magents.config-BwYU_8tl.js                    [2m   4.81 kB[22m [2m│ gzip:  1.43 kB[22m
[34mℹ[39m [2mdist\[22mthinking-CxW7P003.js                         [2m   4.79 kB[22m [2m│ gzip:  1.24 kB[22m
[34mℹ[39m [2mdist\[22mshared-CKv-OrPm.js                           [2m   4.77 kB[22m [2m│ gzip:  1.80 kB[22m
[34mℹ[39m [2mdist\[22mwhatsapp-actions-CeIIniEh.js                 [2m   4.63 kB[22m [2m│ gzip:  1.67 kB[22m
[34mℹ[39m [2mdist\[22mreplies-DTWvS4YX.js                          [2m   4.62 kB[22m [2m│ gzip:  1.49 kB[22m
[34mℹ[39m [2mdist\[22mweb-B0H0aJBJ.js                              [2m   4.48 kB[22m [2m│ gzip:  1.84 kB[22m
[34mℹ[39m [2mdist\[22msubagent-registry-CDBr5axz.js                [2m   4.43 kB[22m [2m│ gzip:  1.81 kB[22m
[34mℹ[39m [2mdist\[22monboard-remote-BtFYqIrd.js                   [2m   4.41 kB[22m [2m│ gzip:  1.75 kB[22m
[34mℹ[39m [2mdist\[22mauth-choice-BiZvJjj3.js                      [2m   4.41 kB[22m [2m│ gzip:  1.81 kB[22m
[34mℹ[39m [2mdist\[22mfetch-guard-DXBCMTio.js                      [2m   4.40 kB[22m [2m│ gzip:  1.66 kB[22m
[34mℹ[39m [2mdist\[22mwith-timeout-YjFX9W9s.js                     [2m   4.36 kB[22m [2m│ gzip:  1.73 kB[22m
[34mℹ[39m [2mdist\[22monboard-channels-BYSaBH1Z.js                 [2m   4.29 kB[22m [2m│ gzip:  1.76 kB[22m
[34mℹ[39m [2mdist\[22mmodel-catalog-Ba53k6Qs.js                    [2m   4.26 kB[22m [2m│ gzip:  1.49 kB[22m
[34mℹ[39m [2mdist\[22msessions-D4m9J4Pv.js                         [2m   4.23 kB[22m [2m│ gzip:  1.32 kB[22m
[34mℹ[39m [2mdist\[22mprogress-Cs6lsXmO.js                         [2m   4.20 kB[22m [2m│ gzip:  1.40 kB[22m
[34mℹ[39m [2mdist\[22mdoctor-completion-CPrLsquT.js                [2m   4.15 kB[22m [2m│ gzip:  1.38 kB[22m
[34mℹ[39m [2mdist\[22mmodels-config-BBjsSlvf.js                    [2m   4.12 kB[22m [2m│ gzip:  1.41 kB[22m
[34mℹ[39m [2mdist\[22mprovider-dispatcher-C0kKplYJ.js              [2m   4.09 kB[22m [2m│ gzip:  1.68 kB[22m
[34mℹ[39m [2mdist\[22maudio-preflight-DAtb13_-.js                  [2m   4.06 kB[22m [2m│ gzip:  1.72 kB[22m
[34mℹ[39m [2mdist\[22mhealth-BRhhn1t2.js                           [2m   4.05 kB[22m [2m│ gzip:  1.69 kB[22m
[34mℹ[39m [2mdist\[22mplugin-registry-Cmj1W1gJ.js                  [2m   4.03 kB[22m [2m│ gzip:  1.66 kB[22m
[34mℹ[39m [2mdist\[22mconfig-guard-E76XZB8l.js                     [2m   4.02 kB[22m [2m│ gzip:  1.57 kB[22m
[34mℹ[39m [2mdist\[22mcredentials-C5zruSC1.js                      [2m   3.97 kB[22m [2m│ gzip:  0.92 kB[22m
[34mℹ[39m [2mdist\[22msystem-cli-BisnBg0L.js                       [2m   3.93 kB[22m [2m│ gzip:  1.37 kB[22m
[34mℹ[39m [2mdist\[22mgithub-copilot-token-CRAFCWTY.js             [2m   3.84 kB[22m [2m│ gzip:  1.49 kB[22m
[34mℹ[39m [2mdist\[22mhost-env-security-CeltoBW-.js                [2m   3.79 kB[22m [2m│ gzip:  1.14 kB[22m
[34mℹ[39m [2mdist\[22mstatus.update-ByjP1hVY.js                    [2m   3.77 kB[22m [2m│ gzip:  1.23 kB[22m
[34mℹ[39m [2mdist\[22margv-8pSGNXp4.js                             [2m   3.77 kB[22m [2m│ gzip:  1.23 kB[22m
[34mℹ[39m [2mdist\[22mchannel-activity-YwqSVJEn.js                 [2m   3.76 kB[22m [2m│ gzip:  1.25 kB[22m
[34mℹ[39m [2mdist\[22minbound-context-CqWqPd93.js                  [2m   3.75 kB[22m [2m│ gzip:  1.07 kB[22m
[34mℹ[39m [2mdist\[22mtui-cli-uiDZ9AVR.js                          [2m   3.74 kB[22m [2m│ gzip:  1.67 kB[22m
[34mℹ[39m [2mdist\[22mopenclaw-root-CiSs8LoC.js                    [2m   3.74 kB[22m [2m│ gzip:  1.13 kB[22m
[34mℹ[39m [2mdist\[22mredact-CbXZFbH0.js                           [2m   3.71 kB[22m [2m│ gzip:  1.45 kB[22m
[34mℹ[39m [2mdist\[22mpi-auth-json-JHQlD-6B.js                     [2m   3.65 kB[22m [2m│ gzip:  1.37 kB[22m
[34mℹ[39m [2mdist\[22mclack-prompter-Cg2oYsb5.js                   [2m   3.52 kB[22m [2m│ gzip:  1.14 kB[22m
[34mℹ[39m [2mdist\[22mfs-safe-B2PpvCex.js                          [2m   3.39 kB[22m [2m│ gzip:  1.17 kB[22m
[34mℹ[39m [2mdist\[22menv-vars-l4ec5CnW.js                         [2m   3.36 kB[22m [2m│ gzip:  1.08 kB[22m
[34mℹ[39m [2mdist\[22mrender-lztJTssW.js                           [2m   3.30 kB[22m [2m│ gzip:  1.15 kB[22m
[34mℹ[39m [2mdist\[22mconstants-Bsot0BGB.js                        [2m   3.28 kB[22m [2m│ gzip:  0.90 kB[22m
[34mℹ[39m [2mdist\[22mpaths-CoHyF4e-.js                            [2m   3.20 kB[22m [2m│ gzip:  1.09 kB[22m
[34mℹ[39m [2mdist\[22mnote-8QqvGURy.js                             [2m   3.18 kB[22m [2m│ gzip:  1.15 kB[22m
[34mℹ[39m [2mdist\[22mpath-env-B1KDT1Tb.js                         [2m   3.15 kB[22m [2m│ gzip:  1.23 kB[22m
[34mℹ[39m [2mdist\[22mports-DQ9amOrA.js                            [2m   3.13 kB[22m [2m│ gzip:  1.11 kB[22m
[34mℹ[39m [2mdist\[22mrpc-B4yfojqE.js                              [2m   3.13 kB[22m [2m│ gzip:  1.44 kB[22m
[34mℹ[39m [2mdist\[22mpairing-token-DleLdJWO.js                    [2m   2.99 kB[22m [2m│ gzip:  1.15 kB[22m
[34mℹ[39m [2mdist\[22mretry-BdlHqmbB.js                            [2m   2.97 kB[22m [2m│ gzip:  1.07 kB[22m
[34mℹ[39m [2mdist\[22mmessage-channel-6BhWlfDR.js                  [2m   2.96 kB[22m [2m│ gzip:  0.94 kB[22m
[34mℹ[39m [2mdist\[22mcontrol-service-C6QeHJbj.js                  [2m   2.90 kB[22m [2m│ gzip:  1.10 kB[22m
[34mℹ[39m [2mdist\[22mbindings-BEfbDxY6.js                         [2m   2.88 kB[22m [2m│ gzip:  0.87 kB[22m
[34mℹ[39m [2mdist\[22msystemd-linger-B1-yyzR_.js                   [2m   2.87 kB[22m [2m│ gzip:  0.92 kB[22m
[34mℹ[39m [2mdist\[22mshared-jH0PctjO.js                           [2m   2.85 kB[22m [2m│ gzip:  1.13 kB[22m
[34mℹ[39m [2mdist\[22mhooks-status-DZFstfH5.js                     [2m   2.82 kB[22m [2m│ gzip:  1.13 kB[22m
[34mℹ[39m [2mdist\[22mnpm-resolution-CYWhoS5-.js                   [2m   2.79 kB[22m [2m│ gzip:  0.94 kB[22m
[34mℹ[39m [2mdist\[22mheartbeat-visibility-CeQipkGR.js             [2m   2.76 kB[22m [2m│ gzip:  0.96 kB[22m
[34mℹ[39m [2mdist\[22mexec-safe-bin-runtime-policy-Bibz_UnH.js     [2m   2.61 kB[22m [2m│ gzip:  0.92 kB[22m
[34mℹ[39m [2mdist\[22msend-BaDv1iRJ.js                             [2m   2.51 kB[22m [2m│ gzip:  0.98 kB[22m
[34mℹ[39m [2mdist\[22mfetch-D9A9oPP8.js                            [2m   2.45 kB[22m [2m│ gzip:  0.86 kB[22m
[34mℹ[39m [2mdist\[22mformat-duration-CNdYRQ3j.js                  [2m   2.43 kB[22m [2m│ gzip:  0.92 kB[22m
[34mℹ[39m [2mdist\[22mlogin-C1tdw2cw.js                            [2m   2.38 kB[22m [2m│ gzip:  1.04 kB[22m
[34mℹ[39m [2mdist\[22msystem-run-command-Dvcd-Gps.js               [2m   2.30 kB[22m [2m│ gzip:  0.82 kB[22m
[34mℹ[39m [2mdist\[22mdiagnostic-session-state-C0fLsCRE.js         [2m   2.21 kB[22m [2m│ gzip:  0.81 kB[22m
[34mℹ[39m [2mdist\[22mstore-DFHkUTTB.js                            [2m   2.20 kB[22m [2m│ gzip:  1.04 kB[22m
[34mℹ[39m [2mdist\[22monboard-hooks-Drj4xdFu.js                    [2m   2.19 kB[22m [2m│ gzip:  1.02 kB[22m
[34mℹ[39m [2mdist\[22mdaemon-install-DFURuyRl.js                   [2m   2.17 kB[22m [2m│ gzip:  0.93 kB[22m
[34mℹ[39m [2mdist\[22mformat-relative-CH0c-CrN.js                  [2m   2.14 kB[22m [2m│ gzip:  0.87 kB[22m
[34mℹ[39m [2mdist\[22mnode-service-BsWIfP2V.js                     [2m   2.10 kB[22m [2m│ gzip:  0.63 kB[22m
[34mℹ[39m [2mdist\[22mnode-match-B6rMn4T9.js                       [2m   2.08 kB[22m [2m│ gzip:  0.78 kB[22m
[34mℹ[39m [2mdist\[22mchannel-selection-BUlLw6EV.js                [2m   2.07 kB[22m [2m│ gzip:  0.74 kB[22m
[34mℹ[39m [2mdist\[22mdeliver-0TnqskTK.js                          [2m   2.07 kB[22m [2m│ gzip:  0.92 kB[22m
[34mℹ[39m [2mdist\[22mstagger-DTF2sIHe.js                          [2m   2.01 kB[22m [2m│ gzip:  0.79 kB[22m
[34mℹ[39m [2mdist\[22mruntime-guard-sQaR64hE.js                    [2m   1.99 kB[22m [2m│ gzip:  0.82 kB[22m
[34mℹ[39m [2mdist\[22mcommand-format-BdNDK4DY.js                   [2m   1.98 kB[22m [2m│ gzip:  0.75 kB[22m
[34mℹ[39m [2mdist\[22mpolls-Cs3c2xES.js                            [2m   1.97 kB[22m [2m│ gzip:  0.63 kB[22m
[34mℹ[39m [2mdist\[22mcommand-poll-backoff-BQ3kvOF8.js             [2m   1.96 kB[22m [2m│ gzip:  0.84 kB[22m
[34mℹ[39m [2mdist\[22monboard-helpers-B1JMH4jZ.js                  [2m   1.89 kB[22m [2m│ gzip:  0.87 kB[22m
[34mℹ[39m [2mdist\[22mdaemon-cli-CL-DeuJN.js                       [2m   1.89 kB[22m [2m│ gzip:  0.84 kB[22m
[34mℹ[39m [2mdist\[22mimage-C_GAnLB1.js                            [2m   1.81 kB[22m [2m│ gzip:  0.81 kB[22m
[34mℹ[39m [2mdist\[22maccounts-oMSrENeu.js                         [2m   1.80 kB[22m [2m│ gzip:  0.68 kB[22m
[34mℹ[39m [2mdist\[22maccounts-BS5_9bcC.js                         [2m   1.77 kB[22m [2m│ gzip:  0.65 kB[22m
[34mℹ[39m [2mdist\[22mcommands-likqWsLQ.js                         [2m   1.68 kB[22m [2m│ gzip:  0.56 kB[22m
[34mℹ[39m [2mdist\[22mbrew-CxHubJ59.js                             [2m   1.66 kB[22m [2m│ gzip:  0.59 kB[22m
[34mℹ[39m [2mdist\[22mcommands-registry-DMLuzKz5.js                [2m   1.66 kB[22m [2m│ gzip:  0.63 kB[22m
[34mℹ[39m [2mdist\[22menable-DoO6eb45.js                           [2m   1.60 kB[22m [2m│ gzip:  0.60 kB[22m
[34mℹ[39m [2mdist\[22mclient-info-BvpTujN0.js                      [2m   1.60 kB[22m [2m│ gzip:  0.61 kB[22m
[34mℹ[39m [2mdist\[22monboard-skills-B2KISPrs.js                   [2m   1.59 kB[22m [2m│ gzip:  0.71 kB[22m
[34mℹ[39m [2mdist\[22minput-provenance-D5t3blV6.js                 [2m   1.55 kB[22m [2m│ gzip:  0.54 kB[22m
[34mℹ[39m [2mdist\[22mconfig-CVks6YQF.js                           [2m   1.53 kB[22m [2m│ gzip:  0.69 kB[22m
[34mℹ[39m [2mdist\[22musage-format-B_0YrtaY.js                     [2m   1.51 kB[22m [2m│ gzip:  0.59 kB[22m
[34mℹ[39m [2mdist\[22mmarkdown-tables-_UHKPkrS.js                  [2m   1.50 kB[22m [2m│ gzip:  0.61 kB[22m
[34mℹ[39m [2mdist\[22msend-CIGr85Ml.js                             [2m   1.49 kB[22m [2m│ gzip:  0.69 kB[22m
[34mℹ[39m [2mdist\[22mtargets-BJIy6qHM.js                          [2m   1.49 kB[22m [2m│ gzip:  0.58 kB[22m
[34mℹ[39m [2mdist\[22merrors-jF27o1W6.js                           [2m   1.44 kB[22m [2m│ gzip:  0.61 kB[22m
[34mℹ[39m [2mdist\[22mlegacy-names-BPAPkysJ.js                     [2m   1.43 kB[22m [2m│ gzip:  0.60 kB[22m
[34mℹ[39m [2mdist\[22mauth-choice-prompt-DD6ee6aM.js               [2m   1.42 kB[22m [2m│ gzip:  0.61 kB[22m
[34mℹ[39m [2mdist\[22mhealth-format-6TxmJrwr.js                    [2m   1.42 kB[22m [2m│ gzip:  0.67 kB[22m
[34mℹ[39m [2mdist\[22mactive-listener-CCKv44Wv.js                  [2m   1.41 kB[22m [2m│ gzip:  0.59 kB[22m
[34mℹ[39m [2mdist\[22mwsl-zdX_twJC.js                              [2m   1.37 kB[22m [2m│ gzip:  0.54 kB[22m
[34mℹ[39m [2mdist\[22mis-main-CpibXtJi.js                          [2m   1.36 kB[22m [2m│ gzip:  0.50 kB[22m
[34mℹ[39m [2mdist\[22mipv4-XQfaN-AR.js                             [2m   1.35 kB[22m [2m│ gzip:  0.66 kB[22m
[34mℹ[39m [2mdist\[22monboard-remote-DeBrvEBx.js                   [2m   1.34 kB[22m [2m│ gzip:  0.62 kB[22m
[34mℹ[39m [2mdist\[22mreplies-DchgDqwW.js                          [2m   1.30 kB[22m [2m│ gzip:  0.60 kB[22m
[34mℹ[39m [2mdist\[22mconversation-label-CInRia4g.js               [2m   1.29 kB[22m [2m│ gzip:  0.56 kB[22m
[34mℹ[39m [2mdist\[22mdiagnostics-CgVYBCWA.js                      [2m   1.29 kB[22m [2m│ gzip:  0.59 kB[22m
[34mℹ[39m [2mdist\[22mparse-log-line-CxMHKGh4.js                   [2m   1.24 kB[22m [2m│ gzip:  0.53 kB[22m
[34mℹ[39m [2mdist\[22msend-BNL_l1Lc.js                             [2m   1.23 kB[22m [2m│ gzip:  0.59 kB[22m
[34mℹ[39m [2mdist\[22mchannel-options-wVpoJ4QN.js                  [2m   1.23 kB[22m [2m│ gzip:  0.58 kB[22m
[34mℹ[39m [2mdist\[22menv-demrEZLC.js                              [2m   1.22 kB[22m [2m│ gzip:  0.58 kB[22m
[34mℹ[39m [2mdist\[22mauth-profiles-CZA2MYEQ.js                    [2m   1.21 kB[22m [2m│ gzip:  0.58 kB[22m
[34mℹ[39m [2mdist\[22msend-DqIHmwV9.js                             [2m   1.21 kB[22m [2m│ gzip:  0.58 kB[22m
[34mℹ[39m [2mdist\[22moutbound-Dt-WXlxN.js                         [2m   1.20 kB[22m [2m│ gzip:  0.56 kB[22m
[34mℹ[39m [2mdist\[22mpath-guards-CH4l0kZm.js                      [2m   1.18 kB[22m [2m│ gzip:  0.51 kB[22m
[34mℹ[39m [2mdist\[22mgateway-rpc-sgIdSZIO.js                      [2m   1.17 kB[22m [2m│ gzip:  0.62 kB[22m
[34mℹ[39m [2mdist\[22mtables-Bt4lbiPW.js                           [2m   1.15 kB[22m [2m│ gzip:  0.57 kB[22m
[34mℹ[39m [2mdist\[22mfetch-timeout-BUBKtVJ1.js                    [2m   1.14 kB[22m [2m│ gzip:  0.59 kB[22m
[34mℹ[39m [2mdist\[22mcontrol-service-B1ECYucd.js                  [2m   1.14 kB[22m [2m│ gzip:  0.51 kB[22m
[34mℹ[39m [2mdist\[22mtailnet-DNihE_oS.js                          [2m   1.13 kB[22m [2m│ gzip:  0.49 kB[22m
[34mℹ[39m [2mdist\[22mdm-policy-shared-kFsTP8o7.js                 [2m   1.11 kB[22m [2m│ gzip:  0.50 kB[22m
[34mℹ[39m [2mdist\[22mplugin-registry-Z9kFzj-H.js                  [2m   1.10 kB[22m [2m│ gzip:  0.50 kB[22m
[34mℹ[39m [2mdist\[22mskill-commands-B3MS3tgr.js                   [2m   1.10 kB[22m [2m│ gzip:  0.52 kB[22m
[34mℹ[39m [2mdist\[22msend-DUxUTXUr.js                             [2m   1.07 kB[22m [2m│ gzip:  0.52 kB[22m
[34mℹ[39m [2mdist\[22mstatus-BjHre4Pv.js                           [2m   1.03 kB[22m [2m│ gzip:  0.42 kB[22m
[34mℹ[39m [2mdist\[22mmemory-cli-Dkb3re5c.js                       [2m   1.03 kB[22m [2m│ gzip:  0.51 kB[22m
[34mℹ[39m [2mdist\[22mclawbot-cli-hb-Gtcuc.js                      [2m   0.96 kB[22m [2m│ gzip:  0.52 kB[22m
[34mℹ[39m [2mdist\[22mcommand-options-DWP6XO4t.js                  [2m   0.95 kB[22m [2m│ gzip:  0.39 kB[22m
[34mℹ[39m [2mdist\[22mtokens-DjDLBEIv.js                           [2m   0.89 kB[22m [2m│ gzip:  0.43 kB[22m
[34mℹ[39m [2mdist\[22mdangerous-tools-B2vtKoaI.js                  [2m   0.87 kB[22m [2m│ gzip:  0.49 kB[22m
[34mℹ[39m [2mdist\[22mboolean-B4p4BCKm.js                          [2m   0.87 kB[22m [2m│ gzip:  0.38 kB[22m
[34mℹ[39m [2mdist\[22mcli-utils-C0fV2hUy.js                        [2m   0.87 kB[22m [2m│ gzip:  0.43 kB[22m
[34mℹ[39m [2mdist\[22monboard-custom-D-5WhXwi.js                   [2m   0.82 kB[22m [2m│ gzip:  0.42 kB[22m
[34mℹ[39m [2mdist\[22mtrash-CxyxJ-aV.js                            [2m   0.80 kB[22m [2m│ gzip:  0.43 kB[22m
[34mℹ[39m [2mdist\[22mmodel-picker--vpmyDWQ.js                     [2m   0.80 kB[22m [2m│ gzip:  0.40 kB[22m
[34mℹ[39m [2mdist\[22mhelpers-_-53bCN9.js                          [2m   0.79 kB[22m [2m│ gzip:  0.39 kB[22m
[34mℹ[39m [2mdist\[22mpi-model-discovery-BJkiSvsx.js               [2m   0.79 kB[22m [2m│ gzip:  0.34 kB[22m
[34mℹ[39m [2mdist\[22mplugins-BqI0iJEX.js                          [2m   0.77 kB[22m [2m│ gzip:  0.40 kB[22m
[34mℹ[39m [2mdist\[22mformat-BMDj5cF6.js                           [2m   0.77 kB[22m [2m│ gzip:  0.41 kB[22m
[34mℹ[39m [2mdist\[22mmodels-BX2fTWLp.js                           [2m   0.77 kB[22m [2m│ gzip:  0.40 kB[22m
[34mℹ[39m [2mdist\[22mconfig-validation-B-8Oy50o.js                [2m   0.74 kB[22m [2m│ gzip:  0.41 kB[22m
[34mℹ[39m [2mdist\[22mmanager-DnV1zT1i.js                          [2m   0.74 kB[22m [2m│ gzip:  0.38 kB[22m
[34mℹ[39m [2mdist\[22mhelp-format-DT5bWpbV.js                      [2m   0.68 kB[22m [2m│ gzip:  0.30 kB[22m
[34mℹ[39m [2mdist\[22mauth-choice-legacy-C-Ce_L90.js               [2m   0.65 kB[22m [2m│ gzip:  0.31 kB[22m
[34mℹ[39m [2mdist\[22mclipboard-VpuBvQZK.js                        [2m   0.64 kB[22m [2m│ gzip:  0.38 kB[22m
[34mℹ[39m [2mdist\[22mlogin-DIS8PEF3.js                            [2m   0.62 kB[22m [2m│ gzip:  0.34 kB[22m
[34mℹ[39m [2mdist\[22monboard-config-D6iKxZZu.js                   [2m   0.61 kB[22m [2m│ gzip:  0.31 kB[22m
[34mℹ[39m [2mdist\[22mtranscript-events-CkeJVf-7.js                [2m   0.60 kB[22m [2m│ gzip:  0.30 kB[22m
[34mℹ[39m [2mdist\[22mqr-cli-B4hZDa4X.js                           [2m   0.59 kB[22m [2m│ gzip:  0.32 kB[22m
[34mℹ[39m [2mdist\[22mworkspace-dirs-ThQoTBBr.js                   [2m   0.59 kB[22m [2m│ gzip:  0.33 kB[22m
[34mℹ[39m [2mdist\[22moutbound-attachment-RVhSsQjd.js              [2m   0.58 kB[22m [2m│ gzip:  0.33 kB[22m
[34mℹ[39m [2mdist\[22mchunk-D6aBz-u_.js                            [2m   0.56 kB[22m [2m│ gzip:  0.27 kB[22m
[34mℹ[39m [2mdist\[22mchannels-status-issues-CkjL_suW.js           [2m   0.56 kB[22m [2m│ gzip:  0.31 kB[22m
[34mℹ[39m [2mdist\[22mruntime-status-CB21uaxO.js                   [2m   0.56 kB[22m [2m│ gzip:  0.30 kB[22m
[34mℹ[39m [2mdist\[22mmodel-BxmsDypg.js                            [2m   0.53 kB[22m [2m│ gzip:  0.30 kB[22m
[34mℹ[39m [2mdist\[22mdiagnostic-BzFCTPaO.js                       [2m   0.53 kB[22m [2m│ gzip:  0.29 kB[22m
[34mℹ[39m [2mdist\[22mlogging-B-i24Z4T.js                          [2m   0.51 kB[22m [2m│ gzip:  0.30 kB[22m
[34mℹ[39m [2mdist\[22mcompletion-cli-Z7y6xBR_.js                   [2m   0.50 kB[22m [2m│ gzip:  0.28 kB[22m
[34mℹ[39m [2mdist\[22mmodel-param-b-B55S3b1e.js                    [2m   0.50 kB[22m [2m│ gzip:  0.33 kB[22m
[34mℹ[39m [2mdist\[22mlinks-C0YqixyI.js                            [2m   0.50 kB[22m [2m│ gzip:  0.31 kB[22m
[34mℹ[39m [2mdist\[22mdaemon-runtime-R6XQlO-7.js                   [2m   0.48 kB[22m [2m│ gzip:  0.31 kB[22m
[34mℹ[39m [2mdist\[22mpi-auth-json-CMyae0UR.js                     [2m   0.47 kB[22m [2m│ gzip:  0.28 kB[22m
[34mℹ[39m [2mdist\[22mresolve-route-D-JXENAk.js                    [2m   0.47 kB[22m [2m│ gzip:  0.27 kB[22m
[34mℹ[39m [2mdist\[22mparse-timeout-C8R0zVIL.js                    [2m   0.47 kB[22m [2m│ gzip:  0.27 kB[22m
[34mℹ[39m [2mdist\[22mmarkdown-tables-CtogeGG4.js                  [2m   0.47 kB[22m [2m│ gzip:  0.27 kB[22m
[34mℹ[39m [2mdist\[22mprompt-style-DTeykI1H.js                     [2m   0.46 kB[22m [2m│ gzip:  0.25 kB[22m
[34mℹ[39m [2mdist\[22mpath-safety-B2UOAlbz.js                      [2m   0.45 kB[22m [2m│ gzip:  0.27 kB[22m
[34mℹ[39m [2mdist\[22mparse-port-DwtJ9eJd.js                       [2m   0.44 kB[22m [2m│ gzip:  0.26 kB[22m
[34mℹ[39m [2mdist\[22mhelpers-Cb_ne5-1.js                          [2m   0.42 kB[22m [2m│ gzip:  0.26 kB[22m
[34mℹ[39m [2mdist\[22msecret-equal-g01R0w1Z.js                     [2m   0.40 kB[22m [2m│ gzip:  0.26 kB[22m
[34mℹ[39m [2mdist\[22mallow-from-NbYunb86.js                       [2m   0.40 kB[22m [2m│ gzip:  0.25 kB[22m
[34mℹ[39m [2mdist\[22msystemd-linger-CHsbxCT4.js                   [2m   0.40 kB[22m [2m│ gzip:  0.22 kB[22m
[34mℹ[39m [2mdist\[22mskills-status-BKyypj7N.js                    [2m   0.39 kB[22m [2m│ gzip:  0.24 kB[22m
[34mℹ[39m [2mdist\[22mplugins-allowlist-8_5BFrns.js                [2m   0.35 kB[22m [2m│ gzip:  0.23 kB[22m
[34mℹ[39m [2mdist\[22mdelivery-queue-CSpUO1wU.js                   [2m   0.34 kB[22m [2m│ gzip:  0.23 kB[22m
[34mℹ[39m [2mdist\[22mchat-type-BAIKvQJK.js                        [2m   0.34 kB[22m [2m│ gzip:  0.21 kB[22m
[34mℹ[39m [2mdist\[22mreply-prefix-BvMA2188.js                     [2m   0.33 kB[22m [2m│ gzip:  0.20 kB[22m
[34mℹ[39m [2mdist\[22msecure-random-CWK-aKwR.js                    [2m   0.33 kB[22m [2m│ gzip:  0.21 kB[22m
[34mℹ[39m [2mdist\[22mproxy-qgr5eTb7.js                            [2m   0.31 kB[22m [2m│ gzip:  0.22 kB[22m
[34mℹ[39m [2mdist\[22msession-cost-usage-DAr6xIPW.js               [2m   0.31 kB[22m [2m│ gzip:  0.20 kB[22m
[34mℹ[39m [2mdist\[22mtext-format-CNKuTdVf.js                      [2m   0.28 kB[22m [2m│ gzip:  0.22 kB[22m
[34mℹ[39m [2mdist\[22mpairing-labels-MngRNkdS.js                   [2m   0.27 kB[22m [2m│ gzip:  0.19 kB[22m
[34mℹ[39m [2mdist\[22mprompts-C089FFdq.js                          [2m   0.25 kB[22m [2m│ gzip:  0.17 kB[22m
[34mℹ[39m [2mdist\[22mgithub-copilot-token-Cc6aHwSM.js             [2m   0.22 kB[22m [2m│ gzip:  0.18 kB[22m
[34mℹ[39m [2mdist\[22mpi-model-discovery-ca_1Nrhz.js               [2m   0.21 kB[22m [2m│ gzip:  0.14 kB[22m
[34mℹ[39m [2mdist\[22mcommand-poll-backoff-CHvEVnxO.js             [2m   0.19 kB[22m [2m│ gzip:  0.15 kB[22m
[34mℹ[39m [2mdist\[22mdiagnostic-session-state-UcbpWwIh.js         [2m   0.19 kB[22m [2m│ gzip:  0.13 kB[22m
[34mℹ[39m [2mdist\[22mlogging-DIhdDguz.js                          [2m   0.17 kB[22m [2m│ gzip:  0.15 kB[22m
[34mℹ[39m [2mdist\[22monboard-config-DxwbXQxY.js                   [2m   0.17 kB[22m [2m│ gzip:  0.14 kB[22m
[34mℹ[39m [2mdist\[22mconversation-label-CEItyRWq.js               [2m   0.12 kB[22m [2m│ gzip:  0.10 kB[22m
[34mℹ[39m [2mdist\[22mfetch-timeout-BWSBzUuk.js                    [2m   0.12 kB[22m [2m│ gzip:  0.11 kB[22m
[34mℹ[39m [2mdist\[22mauth-choice-prompt-DJ16Gjd_.js               [2m   0.12 kB[22m [2m│ gzip:  0.10 kB[22m
[34mℹ[39m [2mdist\[22minbound-context-BXK-v9y2.js                  [2m   0.11 kB[22m [2m│ gzip:  0.10 kB[22m
[34mℹ[39m [2mdist\[22mproxy-CT4kgPnp.js                            [2m   0.09 kB[22m [2m│ gzip:  0.09 kB[22m
[34mℹ[39m [2mdist\[22mlogging-CeI8pPxx.js                          [2m   0.01 kB[22m [2m│ gzip:  0.03 kB[22m
[34mℹ[39m 350 files, total: 8969.28 kB
node_modules\.pnpm\prism-media@1.3.5_@discordjs+opus@0.10.0_opusscript@0.0.8\node_modules\prism-media\src\core\FFmpeg.js (126:35) [UNRESOLVED_IMPORT] Warning: Could not resolve 'ffmpeg-static' in node_modules/.pnpm/prism-media@1.3.5_@discordjs+opus@0.10.0_opusscript@0.0.8/node_modules/prism-media/src/core/FFmpeg.js
     ╭─[ node_modules/.pnpm/prism-media@1.3.5_@discordjs+opus@0.10.0_opusscript@0.0.8/node_modules/prism-media/src/core/FFmpeg.js:126:36 ]
     │
 126 │       const ffmpegStatic = require('ffmpeg-static');
     │                                    ───────┬───────  
     │                                           ╰───────── Module not found, treating it as an external dependency
─────╯

src\gateway\server-methods\agent.ts (43:2) [MISSING_EXPORT] Warning: "canonicalizeSpawnedByForAgent" is not exported by "src/gateway/session-utils.ts".
    ╭─[ src/gateway/server-methods/agent.ts:43:3 ]
    │
 43 │   canonicalizeSpawnedByForAgent,
    │   ──────────────┬──────────────  
    │                 ╰──────────────── Missing export
    │ 
    │ Note: If you meant to import a type rather than a value, make sure to add the `type` modifier (e.g. `import { type Foo } from '../session-utils.js'`).
────╯

src\gateway\server-methods\agent.ts (45:2) [MISSING_EXPORT] Warning: "pruneLegacyStoreKeys" is not exported by "src/gateway/session-utils.ts".
    ╭─[ src/gateway/server-methods/agent.ts:45:3 ]
    │
 45 │   pruneLegacyStoreKeys,
    │   ──────────┬─────────  
    │             ╰─────────── Missing export
    │ 
    │ Note: If you meant to import a type rather than a value, make sure to add the `type` modifier (e.g. `import { type Foo } from '../session-utils.js'`).
────╯

upstream\src\gateway\server-methods\sessions.ts (37:2) [MISSING_EXPORT] Warning: "archiveSessionTranscripts" is not exported by "src/gateway/session-utils.ts".
    ╭─[ upstream/src/gateway/server-methods/sessions.ts:37:3 ]
    │
 37 │   archiveSessionTranscripts,
    │   ────────────┬────────────  
    │               ╰────────────── Missing export
    │ 
    │ Note: If you meant to import a type rather than a value, make sure to add the `type` modifier (e.g. `import { type Foo } from '../session-utils.js'`).
────╯

upstream\src\gateway\server-methods\sessions.ts (41:2) [MISSING_EXPORT] Warning: "pruneLegacyStoreKeys" is not exported by "src/gateway/session-utils.ts".
    ╭─[ upstream/src/gateway/server-methods/sessions.ts:41:3 ]
    │
 41 │   pruneLegacyStoreKeys,
    │   ──────────┬─────────  
    │             ╰─────────── Missing export
    │ 
    │ Note: If you meant to import a type rather than a value, make sure to add the `type` modifier (e.g. `import { type Foo } from '../session-utils.js'`).
────╯

upstream\src\gateway\server-node-events.ts (20:2) [MISSING_EXPORT] Warning: "pruneLegacyStoreKeys" is not exported by "src/gateway/session-utils.ts".
    ╭─[ upstream/src/gateway/server-node-events.ts:20:3 ]
    │
 20 │   pruneLegacyStoreKeys,
    │   ──────────┬─────────  
    │             ╰─────────── Missing export
    │ 
    │ Note: If you meant to import a type rather than a value, make sure to add the `type` modifier (e.g. `import { type Foo } from './session-utils.js'`).
────╯

upstream\src\gateway\sessions-resolve.ts (13:2) [MISSING_EXPORT] Warning: "pruneLegacyStoreKeys" is not exported by "src/gateway/session-utils.ts".
    ╭─[ upstream/src/gateway/sessions-resolve.ts:13:3 ]
    │
 13 │   pruneLegacyStoreKeys,
    │   ──────────┬─────────  
    │             ╰─────────── Missing export
    │ 
    │ Note: If you meant to import a type rather than a value, make sure to add the `type` modifier (e.g. `import { type Foo } from './session-utils.js'`).
────╯

[PLUGIN_TIMINGS] Warning: Your build spent significant time in plugin `upstream-overlay`. See https://rolldown.rs/options/checks#plugintimings for more details.

[32m✔[39m Build complete in [32m27889ms[39m
[34mℹ[39m [2mdist\[22m[1mentry.js[22m                                     [2m   6.57 kB[22m [2m│ gzip:  2.32 kB[22m
[34mℹ[39m [2mdist\[22msubagent-registry-gplSYcK4.js                [2m2743.81 kB[22m
[34mℹ[39m [2mdist\[22mgateway-cli-BF39RPm2.js                      [2m1031.18 kB[22m
[34mℹ[39m [2mdist\[22mconfig-fdz1o3pM.js                           [2m 382.34 kB[22m [2m│ gzip: 79.38 kB[22m
[34mℹ[39m [2mdist\[22mredact-snapshot-DGJuS92V.js                  [2m 199.21 kB[22m [2m│ gzip: 55.09 kB[22m
[34mℹ[39m [2mdist\[22mmodel-selection-Dy4YiGIl.js                  [2m 149.03 kB[22m [2m│ gzip: 34.28 kB[22m
[34mℹ[39m [2mdist\[22mmanager-C-o99W2t.js                          [2m 133.94 kB[22m [2m│ gzip: 30.10 kB[22m
[34mℹ[39m [2mdist\[22maudit-rhfyFiqf.js                            [2m 128.69 kB[22m [2m│ gzip: 30.89 kB[22m
[34mℹ[39m [2mdist\[22mtui-B3KxVNxX.js                              [2m 108.05 kB[22m [2m│ gzip: 26.57 kB[22m
[34mℹ[39m [2mdist\[22msend-B4Id5Vqm.js                             [2m 107.04 kB[22m [2m│ gzip: 25.50 kB[22m
[34mℹ[39m [2mdist\[22mi18n-C9RlLxG7.js                             [2m 104.26 kB[22m [2m│ gzip: 29.86 kB[22m
[34mℹ[39m [2mdist\[22msandbox-DCpcAzh0.js                          [2m  87.34 kB[22m [2m│ gzip: 21.18 kB[22m
[34mℹ[39m [2mdist\[22mweb-DaixN2nk.js                              [2m  84.28 kB[22m [2m│ gzip: 22.02 kB[22m
[34mℹ[39m [2mdist\[22mprompt-select-styled-rVu0PSCq.js             [2m  83.08 kB[22m [2m│ gzip: 22.26 kB[22m
[34mℹ[39m [2mdist\[22mmodels-D3q6yXK7.js                           [2m  82.99 kB[22m [2m│ gzip: 20.00 kB[22m
[34mℹ[39m [2mdist\[22msessions-DM5GiCFU.js                         [2m  76.03 kB[22m [2m│ gzip: 19.34 kB[22m
[34mℹ[39m [2mdist\[22mstatus-v15aTeK5.js                           [2m  75.74 kB[22m [2m│ gzip: 19.40 kB[22m
[34mℹ[39m [2mdist\[22msend-C7zjXq-e.js                             [2m  70.46 kB[22m [2m│ gzip: 18.68 kB[22m
[34mℹ[39m [2mdist\[22mrunner-wrFgOxlS.js                           [2m  69.64 kB[22m [2m│ gzip: 16.52 kB[22m
[34mℹ[39m [2mdist\[22mbrowser-cli-BOrHFT-j.js                      [2m  67.15 kB[22m [2m│ gzip: 12.49 kB[22m
[34mℹ[39m [2mdist\[22mauth-choice-DYpN05NP.js                      [2m  64.98 kB[22m [2m│ gzip: 14.00 kB[22m
[34mℹ[39m [2mdist\[22mpw-ai-BSwORRjF.js                            [2m  63.62 kB[22m [2m│ gzip: 15.36 kB[22m
[34mℹ[39m [2mdist\[22mdoctor-config-flow-ddcv5irE.js               [2m  63.37 kB[22m [2m│ gzip: 13.95 kB[22m
[34mℹ[39m [2mdist\[22mprotocol-Djvuhlwj.js                         [2m  58.08 kB[22m [2m│ gzip:  8.86 kB[22m
[34mℹ[39m [2mdist\[22mchannels-cli-C9f7pbsY.js                     [2m  57.17 kB[22m [2m│ gzip: 15.19 kB[22m
[34mℹ[39m [2mdist\[22mroutes-CmDy2wk_.js                           [2m  57.01 kB[22m [2m│ gzip: 11.00 kB[22m
[34mℹ[39m [2mdist\[22mchrome-Dm_2ubLP.js                           [2m  55.92 kB[22m [2m│ gzip: 14.19 kB[22m
[34mℹ[39m [2mdist\[22mhealth-XTi0R2MH.js                           [2m  53.66 kB[22m [2m│ gzip: 12.80 kB[22m
[34mℹ[39m [2mdist\[22mnodes-cli-BSJwyoxG.js                        [2m  53.60 kB[22m [2m│ gzip: 12.06 kB[22m
[34mℹ[39m [2mdist\[22mupdate-cli-BnqZpXzU.js                       [2m  53.12 kB[22m [2m│ gzip: 15.41 kB[22m
[34mℹ[39m [2mdist\[22mqmd-manager-D7XKV4jv.js                      [2m  51.44 kB[22m [2m│ gzip: 13.05 kB[22m
[34mℹ[39m [2mdist\[22mmodels-N9wrR3d1.js                           [2m  46.97 kB[22m [2m│ gzip:  9.51 kB[22m
[34mℹ[39m [2mdist\[22mnode-cli-1nNNb_T1.js                         [2m  46.68 kB[22m [2m│ gzip: 12.64 kB[22m
[34mℹ[39m [2mdist\[22mpi-embedded-helpers-BcAOK_Ti.js              [2m  44.61 kB[22m [2m│ gzip: 11.75 kB[22m
[34mℹ[39m [2mdist\[22macp-cli-ITeHwW81.js                          [2m  44.36 kB[22m [2m│ gzip: 11.84 kB[22m
[34mℹ[39m [2mdist\[22mdeliver-CsOKl7Sw.js                          [2m  43.09 kB[22m [2m│ gzip: 10.63 kB[22m
[34mℹ[39m [2mdist\[22msubsystem-CgF-DlAK.js                        [2m  41.44 kB[22m [2m│ gzip: 11.67 kB[22m
[34mℹ[39m [2mdist\[22monboard-auth-DtQyJt8A.js                     [2m  40.20 kB[22m [2m│ gzip:  7.30 kB[22m
[34mℹ[39m [2mdist\[22mskills-BXKtAvbu.js                           [2m  39.03 kB[22m [2m│ gzip: 10.43 kB[22m
[34mℹ[39m [2mdist\[22mtool-display-dJ_v60z6.js                     [2m  36.34 kB[22m [2m│ gzip:  8.84 kB[22m
[34mℹ[39m [2mdist\[22mhooks-cli-BRpTdn77.js                        [2m  35.98 kB[22m [2m│ gzip:  9.42 kB[22m
[34mℹ[39m [2mdist\[22mdock-Cvni-Bj1.js                             [2m  35.76 kB[22m [2m│ gzip:  6.81 kB[22m
[34mℹ[39m [2mdist\[22mclient-CsnOQovT.js                           [2m  35.64 kB[22m [2m│ gzip:  8.50 kB[22m
[34mℹ[39m [2mdist\[22mmemory-cli-BMrQ4H8z.js                       [2m  34.45 kB[22m [2m│ gzip:  8.72 kB[22m
[34mℹ[39m [2mdist\[22mserver-context-DQeW7tpG.js                   [2m  34.44 kB[22m [2m│ gzip:  8.79 kB[22m
[34mℹ[39m [2mdist\[22mregister.message-DPKcf0yN.js                 [2m  34.32 kB[22m [2m│ gzip:  8.52 kB[22m
[34mℹ[39m [2mdist\[22mconfigure-CEULnA0E.js                        [2m  33.40 kB[22m [2m│ gzip:  9.27 kB[22m
[34mℹ[39m [2mdist\[22mdaemon-cli-BNfnCyPn.js                       [2m  32.91 kB[22m [2m│ gzip:  8.80 kB[22m
[34mℹ[39m [2mdist\[22mip-Bo8xaKzh.js                               [2m  32.11 kB[22m [2m│ gzip:  7.00 kB[22m
[34mℹ[39m [2mdist\[22mcommands-registry-Dcn3CQ6v.js                [2m  31.10 kB[22m [2m│ gzip:  7.09 kB[22m
[34mℹ[39m [2mdist\[22mplugins-cli-Xntxsyxw.js                      [2m  29.75 kB[22m [2m│ gzip:  8.49 kB[22m
[34mℹ[39m [2mdist\[22mmanifest-registry-WjtCRqhk.js                [2m  28.80 kB[22m [2m│ gzip:  6.86 kB[22m
[34mℹ[39m [2mdist\[22magents-CdgRL9Yh.js                           [2m  27.83 kB[22m [2m│ gzip:  6.94 kB[22m
[34mℹ[39m [2mdist\[22mir-0PZpkdRn.js                               [2m  27.41 kB[22m [2m│ gzip:  6.99 kB[22m
[34mℹ[39m [2mdist\[22mcron-cli-DYuEl8n-.js                         [2m  26.16 kB[22m [2m│ gzip:  6.57 kB[22m
[34mℹ[39m [2mdist\[22mpush-apns-BmRXXliJ.js                        [2m  25.55 kB[22m [2m│ gzip:  7.11 kB[22m
[34mℹ[39m [2mdist\[22msession-dirs-ezUlQrgh.js                     [2m  25.36 kB[22m [2m│ gzip:  5.69 kB[22m
[34mℹ[39m [2mdist\[22msession-cost-usage-D3rzmI53.js               [2m  24.93 kB[22m [2m│ gzip:  5.97 kB[22m
[34mℹ[39m [2mdist\[22msession-utils-DKiohntZ.js                    [2m  24.08 kB[22m [2m│ gzip:  6.39 kB[22m
[34mℹ[39m [2mdist\[22mservice-L0-XUEwR.js                          [2m  23.83 kB[22m [2m│ gzip:  6.17 kB[22m
[34mℹ[39m [2mdist\[22mauth-choice-DZCkafxE.js                      [2m  22.61 kB[22m [2m│ gzip:  4.46 kB[22m
[34mℹ[39m [2mdist\[22msandbox-cli-BPaYlCtY.js                      [2m  22.59 kB[22m [2m│ gzip:  5.93 kB[22m
[34mℹ[39m [2mdist\[22mskill-commands-BdNph2Re.js                   [2m  22.38 kB[22m [2m│ gzip:  6.09 kB[22m
[34mℹ[39m [2mdist\[22monboard-channels-BpLZ1lCx.js                 [2m  22.29 kB[22m [2m│ gzip:  5.75 kB[22m
[34mℹ[39m [2mdist\[22mregister.maintenance-D_XfZpHS.js             [2m  21.96 kB[22m [2m│ gzip:  6.52 kB[22m
[34mℹ[39m [2mdist\[22mutils-CGVEpfBk.js                            [2m  21.20 kB[22m [2m│ gzip:  6.68 kB[22m
[34mℹ[39m [2mdist\[22mquery-expansion-B36Ns2FA.js                  [2m  20.70 kB[22m [2m│ gzip:  7.19 kB[22m
[34mℹ[39m [2mdist\[22magent-scope-C1mo68xN.js                      [2m  19.96 kB[22m [2m│ gzip:  5.20 kB[22m
[34mℹ[39m [2mdist\[22monboarding.finalize-7GprQYkC.js              [2m  19.94 kB[22m [2m│ gzip:  6.44 kB[22m
[34mℹ[39m [2mdist\[22mimage-jfW5RvMr.js                            [2m  19.81 kB[22m [2m│ gzip:  5.84 kB[22m
[34mℹ[39m [2mdist\[22mskills-install-CCd1T5Tf.js                   [2m  18.55 kB[22m [2m│ gzip:  5.12 kB[22m
[34mℹ[39m [2mdist\[22mdaemon-install-helpers-CPyE4swC.js           [2m  18.22 kB[22m [2m│ gzip:  4.77 kB[22m
[34mℹ[39m [2mdist\[22monboard-BlCn2ZNu.js                          [2m  17.60 kB[22m [2m│ gzip:  4.47 kB[22m
[34mℹ[39m [2mdist\[22msend-BoLsaQPV.js                             [2m  17.51 kB[22m [2m│ gzip:  5.17 kB[22m
[34mℹ[39m [2mdist\[22msystemd-MoludjO5.js                          [2m  17.34 kB[22m [2m│ gzip:  4.96 kB[22m
[34mℹ[39m [2mdist\[22mserver-node-events-DAs_y8WH.js               [2m  17.07 kB[22m [2m│ gzip:  5.29 kB[22m
[34mℹ[39m [2mdist\[22msend-B3QX6ZBp.js                             [2m  16.94 kB[22m [2m│ gzip:  4.53 kB[22m
[34mℹ[39m [2mdist\[22mcall-CpG3KsWN.js                             [2m  16.75 kB[22m [2m│ gzip:  5.04 kB[22m
[34mℹ[39m [2mdist\[22mcompletion-cli-CrbQwomq.js                   [2m  16.75 kB[22m [2m│ gzip:  4.63 kB[22m
[34mℹ[39m [2mdist\[22mmodels-cli-DjbGPxRu.js                       [2m  16.66 kB[22m [2m│ gzip:  4.37 kB[22m
[34mℹ[39m [2mdist\[22msecurity-cli-DKI6Maej.js                     [2m  16.64 kB[22m [2m│ gzip:  4.82 kB[22m
[34mℹ[39m [2mdist\[22monboard-custom-zg2pWAo9.js                   [2m  16.47 kB[22m [2m│ gzip:  4.75 kB[22m
[34mℹ[39m [2mdist\[22mmodel-picker-0DH4iMEv.js                     [2m  16.30 kB[22m [2m│ gzip:  4.33 kB[22m
[34mℹ[39m [2mdist\[22mplugins-n1JT0DMr.js                          [2m  16.14 kB[22m [2m│ gzip:  3.86 kB[22m
[34mℹ[39m [2mdist\[22mpairing-store-uXwiCmJZ.js                    [2m  15.58 kB[22m [2m│ gzip:  3.90 kB[22m
[34mℹ[39m [2mdist\[22mregister.agent-CPvW2RpV.js                   [2m  15.49 kB[22m [2m│ gzip:  5.54 kB[22m
[34mℹ[39m [2mdist\[22minstall-safe-path-Dy1nZzuR.js                [2m  15.26 kB[22m [2m│ gzip:  4.42 kB[22m
[34mℹ[39m [2mdist\[22mauth-CyPBw5aL.js                             [2m  15.21 kB[22m [2m│ gzip:  4.13 kB[22m
[34mℹ[39m [2mdist\[22mgmail-setup-utils-NzMgsKL3.js                [2m  15.18 kB[22m [2m│ gzip:  4.51 kB[22m
[34mℹ[39m [2mdist\[22mwebhooks-cli-hEuH22vS.js                     [2m  14.97 kB[22m [2m│ gzip:  4.21 kB[22m
[34mℹ[39m [2mdist\[22msend-DL45hDTs.js                             [2m  14.57 kB[22m [2m│ gzip:  4.29 kB[22m
[34mℹ[39m [2mdist\[22mrun-main-DCIqaZgq.js                         [2m  14.32 kB[22m [2m│ gzip:  4.41 kB[22m
[34mℹ[39m [2mdist\[22mtool-loop-detection-BUzPDsmO.js              [2m  14.25 kB[22m [2m│ gzip:  3.60 kB[22m
[34mℹ[39m [2mdist\[22mimage-ops-DW_1Ici4.js                        [2m  14.04 kB[22m [2m│ gzip:  4.16 kB[22m
[34mℹ[39m [2mdist\[22mlifecycle-core-v-slSWx4.js                   [2m  13.74 kB[22m [2m│ gzip:  3.59 kB[22m
[34mℹ[39m [2mdist\[22mexec-approvals-cli-vj3B4aDy.js               [2m  13.62 kB[22m [2m│ gzip:  3.99 kB[22m
[34mℹ[39m [2mdist\[22monboard-helpers-DRkir_4a.js                  [2m  13.47 kB[22m [2m│ gzip:  4.27 kB[22m
[34mℹ[39m [2mdist\[22monboarding-C05IBmRP.js                       [2m  13.44 kB[22m [2m│ gzip:  4.14 kB[22m
[34mℹ[39m [2mdist\[22mnpm-registry-spec-WR7B97mq.js                [2m  12.91 kB[22m [2m│ gzip:  3.69 kB[22m
[34mℹ[39m [2mdist\[22mbonjour-discovery-yPDBTOg0.js                [2m  12.87 kB[22m [2m│ gzip:  3.74 kB[22m
[34mℹ[39m [2mdist\[22mchunk-pSDDIABv.js                            [2m  12.64 kB[22m [2m│ gzip:  3.48 kB[22m
[34mℹ[39m [2mdist\[22mchannel-account-context-D1A4usyr.js          [2m  12.43 kB[22m [2m│ gzip:  3.31 kB[22m
[34mℹ[39m [2mdist\[22mqr-cli-BooT1KAE.js                           [2m  12.41 kB[22m [2m│ gzip:  3.81 kB[22m
[34mℹ[39m [2mdist\[22mdevices-cli-Cldsprvd.js                      [2m  12.34 kB[22m [2m│ gzip:  3.47 kB[22m
[34mℹ[39m [2mdist\[22mprogram-COscCxey.js                          [2m  12.02 kB[22m [2m│ gzip:  4.61 kB[22m
[34mℹ[39m [2mdist\[22minstalls-DKKmxpmc.js                         [2m  11.75 kB[22m [2m│ gzip:  3.12 kB[22m
[34mℹ[39m [2mdist\[22mexec-approvals-BcFxbqn8.js                   [2m  11.71 kB[22m [2m│ gzip:  3.21 kB[22m
[34mℹ[39m [2mdist\[22msystemd-hints-By4jtk90.js                    [2m  11.70 kB[22m [2m│ gzip:  3.31 kB[22m
[34mℹ[39m [2mdist\[22mskills-cli-D0CNDU9u.js                       [2m  10.96 kB[22m [2m│ gzip:  3.02 kB[22m
[34mℹ[39m [2mdist\[22mplugin-auto-enable-D9Gtk1yl.js               [2m  10.91 kB[22m [2m│ gzip:  2.73 kB[22m
[34mℹ[39m [2mdist\[22mlogin-qr-ByJDVvQo.js                         [2m  10.60 kB[22m [2m│ gzip:  3.70 kB[22m
[34mℹ[39m [2mdist\[22mports-BKGTVB3p.js                            [2m  10.41 kB[22m [2m│ gzip:  3.26 kB[22m
[34mℹ[39m [2mdist\[22mmodel-g8IbNjHb.js                            [2m  10.27 kB[22m [2m│ gzip:  2.71 kB[22m
[34mℹ[39m [2mdist\[22mupdate-D6ESnbH5.js                           [2m   9.95 kB[22m [2m│ gzip:  2.48 kB[22m
[34mℹ[39m [2mdist\[22mworkspace-Bzg-yyQh.js                        [2m   9.86 kB[22m [2m│ gzip:  2.97 kB[22m
[34mℹ[39m [2mdist\[22maccounts-BuEtOPRy.js                         [2m   9.83 kB[22m [2m│ gzip:  2.91 kB[22m
[34mℹ[39m [2mdist\[22mfrontmatter-BR08KS7m.js                      [2m   9.46 kB[22m [2m│ gzip:  2.80 kB[22m
[34mℹ[39m [2mdist\[22mdiagnostic-DDAktsWf.js                       [2m   9.44 kB[22m [2m│ gzip:  2.42 kB[22m
[34mℹ[39m [2mdist\[22mregister.subclis-DFB2y4oc.js                 [2m   9.43 kB[22m [2m│ gzip:  2.40 kB[22m
[34mℹ[39m [2mdist\[22mconfig-cli-DsG8B7vp.js                       [2m   9.42 kB[22m [2m│ gzip:  2.75 kB[22m
[34mℹ[39m [2mdist\[22mexec-approvals-allowlist-Cd4QgiKE.js         [2m   9.30 kB[22m [2m│ gzip:  2.29 kB[22m
[34mℹ[39m [2mdist\[22msession-key-BhlQMwW8.js                      [2m   9.15 kB[22m [2m│ gzip:  2.27 kB[22m
[34mℹ[39m [2mdist\[22mpaths-D5UUvREv.js                            [2m   9.13 kB[22m [2m│ gzip:  2.48 kB[22m
[34mℹ[39m [2mdist\[22mregister.status-health-sessions-JP4CH_Ec.js  [2m   9.05 kB[22m [2m│ gzip:  3.28 kB[22m
[34mℹ[39m [2mdist\[22mlogs-cli-D1giRXbV.js                         [2m   8.92 kB[22m [2m│ gzip:  3.03 kB[22m
[34mℹ[39m [2mdist\[22mtailscale-DUhsEF6z.js                        [2m   8.88 kB[22m [2m│ gzip:  2.79 kB[22m
[34mℹ[39m [2mdist\[22mpi-tools.policy-3PyQGlSV.js                  [2m   8.75 kB[22m [2m│ gzip:  2.61 kB[22m
[34mℹ[39m [2mdist\[22mresolve-route-DW586627.js                    [2m   8.75 kB[22m [2m│ gzip:  2.48 kB[22m
[34mℹ[39m [2mdist\[22minspect-B3BTfYWz.js                          [2m   8.61 kB[22m [2m│ gzip:  2.51 kB[22m
[34mℹ[39m [2mdist\[22mtable-Dw5Bd_UD.js                            [2m   8.49 kB[22m [2m│ gzip:  2.77 kB[22m
[34mℹ[39m [2mdist\[22mtool-images-D71MMlxt.js                      [2m   8.49 kB[22m [2m│ gzip:  2.63 kB[22m
[34mℹ[39m [2mdist\[22mnodes-screen-D9FaIRoA.js                     [2m   8.27 kB[22m [2m│ gzip:  2.43 kB[22m
[34mℹ[39m [2mdist\[22mregister.onboard-CnOdg0dj.js                 [2m   8.22 kB[22m [2m│ gzip:  2.85 kB[22m
[34mℹ[39m [2mdist\[22mprovider-auth-helpers-F_tX-ptE.js            [2m   8.18 kB[22m [2m│ gzip:  2.92 kB[22m
[34mℹ[39m [2mdist\[22mexec-DTXuAQfQ.js                             [2m   8.13 kB[22m [2m│ gzip:  2.61 kB[22m
[34mℹ[39m [2mdist\[22mauth-choice-options-BepkBAfK.js              [2m   7.92 kB[22m [2m│ gzip:  2.09 kB[22m
[34mℹ[39m [2mdist\[22mdns-cli-HCo9-e23.js                          [2m   7.91 kB[22m [2m│ gzip:  2.95 kB[22m
[34mℹ[39m [2mdist\[22mdirectory-cli-CCnSFSwA.js                    [2m   7.70 kB[22m [2m│ gzip:  2.39 kB[22m
[34mℹ[39m [2mdist\[22mdelivery-queue-58tNjfdE.js                   [2m   7.67 kB[22m [2m│ gzip:  2.50 kB[22m
[34mℹ[39m [2mdist\[22mnet-onvx9cqV.js                              [2m   7.65 kB[22m [2m│ gzip:  2.61 kB[22m
[34mℹ[39m [2mdist\[22mbanner-Dcsh6EZa.js                           [2m   7.42 kB[22m [2m│ gzip:  2.25 kB[22m
[34mℹ[39m [2mdist\[22mskill-scanner-CKJrguCt.js                    [2m   7.39 kB[22m [2m│ gzip:  2.47 kB[22m
[34mℹ[39m [2mdist\[22moutbound-DSSfgVjw.js                         [2m   7.37 kB[22m [2m│ gzip:  2.34 kB[22m
[34mℹ[39m [2mdist\[22msessions-CCMSsKrO.js                         [2m   7.20 kB[22m [2m│ gzip:  2.40 kB[22m
[34mℹ[39m [2mdist\[22mssrf-B9e9ZyPB.js                             [2m   7.17 kB[22m [2m│ gzip:  2.15 kB[22m
[34mℹ[39m [2mdist\[22mcatalog-CSMJ9zV5.js                          [2m   7.06 kB[22m [2m│ gzip:  2.15 kB[22m
[34mℹ[39m [2mdist\[22mpaths-Lnuk2R10.js                            [2m   6.88 kB[22m [2m│ gzip:  1.80 kB[22m
[34mℹ[39m [2mdist\[22mzai-endpoint-detect-1yJ8IIN5.js              [2m   6.81 kB[22m [2m│ gzip:  2.21 kB[22m
[34mℹ[39m [2mdist\[22mchat-envelope-DNGmxyfi.js                    [2m   6.78 kB[22m [2m│ gzip:  2.36 kB[22m
[34mℹ[39m [2mdist\[22mtarget-errors-xhuCHse1.js                    [2m   6.69 kB[22m [2m│ gzip:  2.02 kB[22m
[34mℹ[39m [2mdist\[22mcontrol-ui-assets-HHFWSklC.js                [2m   6.62 kB[22m [2m│ gzip:  2.08 kB[22m
[34mℹ[39m [2mdist\[22msession-BNF4hm5h.js                          [2m   6.52 kB[22m [2m│ gzip:  2.35 kB[22m
[34mℹ[39m [2mdist\[22mskills-status-DgLwzIil.js                    [2m   6.35 kB[22m [2m│ gzip:  2.11 kB[22m
[34mℹ[39m [2mdist\[22monboarding.gateway-config-CAM81cIS.js        [2m   6.29 kB[22m [2m│ gzip:  2.15 kB[22m
[34mℹ[39m [2mdist\[22mreply-prefix-CTBa1_fK.js                     [2m   6.26 kB[22m [2m│ gzip:  1.85 kB[22m
[34mℹ[39m [2mdist\[22mcommand-registry-C0ebJ7GQ.js                 [2m   6.25 kB[22m [2m│ gzip:  1.76 kB[22m
[34mℹ[39m [2mdist\[22mregister.configure-Bcz1jj7B.js               [2m   6.20 kB[22m [2m│ gzip:  2.62 kB[22m
[34mℹ[39m [2mdist\[22mlocal-roots-DLpIxfZQ.js                      [2m   6.16 kB[22m [2m│ gzip:  2.22 kB[22m
[34mℹ[39m [2mdist\[22mpairing-cli-BL-zFoxc.js                      [2m   6.08 kB[22m [2m│ gzip:  2.14 kB[22m
[34mℹ[39m [2mdist\[22mgemini-auth-YhYYEUOr.js                      [2m   5.83 kB[22m [2m│ gzip:  1.95 kB[22m
[34mℹ[39m [2mdist\[22mdocs-cli-2428xYnX.js                         [2m   5.71 kB[22m [2m│ gzip:  2.09 kB[22m
[34mℹ[39m [2mdist\[22monboard-skills-UCVX6w3E.js                   [2m   5.62 kB[22m [2m│ gzip:  2.12 kB[22m
[34mℹ[39m [2mdist\[22mcli-DbL4H8c0.js                              [2m   5.57 kB[22m [2m│ gzip:  2.28 kB[22m
[34mℹ[39m [2mdist\[22mconfigure-DAtrqr0Y.js                        [2m   5.54 kB[22m [2m│ gzip:  2.24 kB[22m
[34mℹ[39m [2mdist\[22mentry-status-DQXzdcWG.js                     [2m   5.39 kB[22m [2m│ gzip:  1.16 kB[22m
[34mℹ[39m [2mdist\[22magents-B1aro2TR.js                           [2m   5.14 kB[22m [2m│ gzip:  2.10 kB[22m
[34mℹ[39m [2mdist\[22mmodels-DMZ_CxEJ.js                           [2m   5.14 kB[22m [2m│ gzip:  1.97 kB[22m
[34mℹ[39m [2mdist\[22mregister.setup-DHI76h10.js                   [2m   5.11 kB[22m [2m│ gzip:  2.04 kB[22m
[34mℹ[39m [2mdist\[22mwidearea-dns-4AqMSe5X.js                     [2m   5.05 kB[22m [2m│ gzip:  1.94 kB[22m
[34mℹ[39m [2mdist\[22magents.config-DEzeO2ni.js                    [2m   4.82 kB[22m [2m│ gzip:  1.44 kB[22m
[34mℹ[39m [2mdist\[22mthinking-BXk231nP.js                         [2m   4.79 kB[22m [2m│ gzip:  1.24 kB[22m
[34mℹ[39m [2mdist\[22mshared-CD0ycAUM.js                           [2m   4.77 kB[22m [2m│ gzip:  1.81 kB[22m
[34mℹ[39m [2mdist\[22mstatus-j4uRCCRZ.js                           [2m   4.66 kB[22m [2m│ gzip:  1.90 kB[22m
[34mℹ[39m [2mdist\[22mwhatsapp-actions-H0j3WleG.js                 [2m   4.63 kB[22m [2m│ gzip:  1.68 kB[22m
[34mℹ[39m [2mdist\[22mreplies-DjwTMTBp.js                          [2m   4.62 kB[22m [2m│ gzip:  1.49 kB[22m
[34mℹ[39m [2mdist\[22margv-CM8JZZ_u.js                             [2m   4.52 kB[22m [2m│ gzip:  1.40 kB[22m
[34mℹ[39m [2mdist\[22msubagent-registry-BHOsNxuP.js                [2m   4.50 kB[22m [2m│ gzip:  1.84 kB[22m
[34mℹ[39m [2mdist\[22mauth-choice-DdGTXlj4.js                      [2m   4.49 kB[22m [2m│ gzip:  1.83 kB[22m
[34mℹ[39m [2mdist\[22monboard-remote-DObe6D0A.js                   [2m   4.41 kB[22m [2m│ gzip:  1.75 kB[22m
[34mℹ[39m [2mdist\[22mfetch-guard-YbWWc10z.js                      [2m   4.40 kB[22m [2m│ gzip:  1.66 kB[22m
[34mℹ[39m [2mdist\[22monboard-channels-ZKHH-7am.js                 [2m   4.38 kB[22m [2m│ gzip:  1.80 kB[22m
[34mℹ[39m [2mdist\[22mwith-timeout-DsQq1AtH.js                     [2m   4.36 kB[22m [2m│ gzip:  1.73 kB[22m
[34mℹ[39m [2mdist\[22mmodel-catalog-BOBYv3o1.js                    [2m   4.26 kB[22m [2m│ gzip:  1.49 kB[22m
[34mℹ[39m [2mdist\[22msessions-CGXXo8f0.js                         [2m   4.22 kB[22m [2m│ gzip:  1.32 kB[22m
[34mℹ[39m [2mdist\[22mprogress-Cypaac4H.js                         [2m   4.20 kB[22m [2m│ gzip:  1.40 kB[22m
[34mℹ[39m [2mdist\[22mprovider-dispatcher-oHjdj1qb.js              [2m   4.17 kB[22m [2m│ gzip:  1.71 kB[22m
[34mℹ[39m [2mdist\[22mdoctor-completion-BeAXRatF.js                [2m   4.15 kB[22m [2m│ gzip:  1.38 kB[22m
[34mℹ[39m [2mdist\[22mhealth-CDYjGIOn.js                           [2m   4.14 kB[22m [2m│ gzip:  1.71 kB[22m
[34mℹ[39m [2mdist\[22mmodels-config-CJLeknzY.js                    [2m   4.12 kB[22m [2m│ gzip:  1.41 kB[22m
[34mℹ[39m [2mdist\[22mplugin-registry-CRYz0e_K.js                  [2m   4.12 kB[22m [2m│ gzip:  1.69 kB[22m
[34mℹ[39m [2mdist\[22maudio-preflight-C3uYpSNW.js                  [2m   4.05 kB[22m [2m│ gzip:  1.72 kB[22m
[34mℹ[39m [2mdist\[22mcredentials-28ISUMxt.js                      [2m   3.97 kB[22m [2m│ gzip:  0.92 kB[22m
[34mℹ[39m [2mdist\[22msystem-cli-Cg2vi5lS.js                       [2m   3.93 kB[22m [2m│ gzip:  1.37 kB[22m
[34mℹ[39m [2mdist\[22mgithub-copilot-token-9I52klu-.js             [2m   3.84 kB[22m [2m│ gzip:  1.49 kB[22m
[34mℹ[39m [2mdist\[22mhost-env-security-ikrguMXc.js                [2m   3.79 kB[22m [2m│ gzip:  1.14 kB[22m
[34mℹ[39m [2mdist\[22mstatus.update-Bz1z6e5-.js                    [2m   3.77 kB[22m [2m│ gzip:  1.23 kB[22m
[34mℹ[39m [2mdist\[22mchannel-activity-BDeDdDq_.js                 [2m   3.76 kB[22m [2m│ gzip:  1.25 kB[22m
[34mℹ[39m [2mdist\[22minbound-context-BNN56vGE.js                  [2m   3.75 kB[22m [2m│ gzip:  1.07 kB[22m
[34mℹ[39m [2mdist\[22mtui-cli-Ey-gVLXX.js                          [2m   3.74 kB[22m [2m│ gzip:  1.67 kB[22m
[34mℹ[39m [2mdist\[22mopenclaw-root-D6U0Ka_L.js                    [2m   3.74 kB[22m [2m│ gzip:  1.13 kB[22m
[34mℹ[39m [2mdist\[22mredact-D8Yb9j9y.js                           [2m   3.71 kB[22m [2m│ gzip:  1.45 kB[22m
[34mℹ[39m [2mdist\[22mpi-auth-json-CW8usM7G.js                     [2m   3.65 kB[22m [2m│ gzip:  1.38 kB[22m
[34mℹ[39m [2mdist\[22mclack-prompter-BnDdp0xM.js                   [2m   3.52 kB[22m [2m│ gzip:  1.14 kB[22m
[34mℹ[39m [2mdist\[22mfs-safe-Cfukv4Hw.js                          [2m   3.39 kB[22m [2m│ gzip:  1.17 kB[22m
[34mℹ[39m [2mdist\[22menv-vars-BJz5E3v1.js                         [2m   3.36 kB[22m [2m│ gzip:  1.08 kB[22m
[34mℹ[39m [2mdist\[22mrender-D3glzxty.js                           [2m   3.30 kB[22m [2m│ gzip:  1.15 kB[22m
[34mℹ[39m [2mdist\[22mconstants-CI91wRft.js                        [2m   3.28 kB[22m [2m│ gzip:  0.90 kB[22m
[34mℹ[39m [2mdist\[22mpaths-Ykq8am-U.js                            [2m   3.20 kB[22m [2m│ gzip:  1.10 kB[22m
[34mℹ[39m [2mdist\[22mnote-0xxmRXnz.js                             [2m   3.18 kB[22m [2m│ gzip:  1.15 kB[22m
[34mℹ[39m [2mdist\[22mpath-env-CyOHqUuD.js                         [2m   3.15 kB[22m [2m│ gzip:  1.23 kB[22m
[34mℹ[39m [2mdist\[22mports-BUiQgWsi.js                            [2m   3.15 kB[22m [2m│ gzip:  1.12 kB[22m
[34mℹ[39m [2mdist\[22mrpc-QXvrzd4E.js                              [2m   3.13 kB[22m [2m│ gzip:  1.44 kB[22m
[34mℹ[39m [2mdist\[22mpairing-token-ChmMZIoe.js                    [2m   2.99 kB[22m [2m│ gzip:  1.15 kB[22m
[34mℹ[39m [2mdist\[22mconfig-guard-CWPAwg3a.js                     [2m   2.99 kB[22m [2m│ gzip:  1.10 kB[22m
[34mℹ[39m [2mdist\[22mretry-D9J0i5sg.js                            [2m   2.97 kB[22m [2m│ gzip:  1.07 kB[22m
[34mℹ[39m [2mdist\[22mmessage-channel-i7F-1I2J.js                  [2m   2.96 kB[22m [2m│ gzip:  0.95 kB[22m
[34mℹ[39m [2mdist\[22mcontrol-service-DNgvdNOP.js                  [2m   2.90 kB[22m [2m│ gzip:  1.10 kB[22m
[34mℹ[39m [2mdist\[22mbindings-Bw1IgyYM.js                         [2m   2.88 kB[22m [2m│ gzip:  0.88 kB[22m
[34mℹ[39m [2mdist\[22msystemd-linger-CXmOCluD.js                   [2m   2.87 kB[22m [2m│ gzip:  0.92 kB[22m
[34mℹ[39m [2mdist\[22mshared-DJbMaIAL.js                           [2m   2.85 kB[22m [2m│ gzip:  1.13 kB[22m
[34mℹ[39m [2mdist\[22mhooks-status-CozvNq_z.js                     [2m   2.82 kB[22m [2m│ gzip:  1.13 kB[22m
[34mℹ[39m [2mdist\[22mnpm-resolution-D4mInTce.js                   [2m   2.81 kB[22m [2m│ gzip:  0.94 kB[22m
[34mℹ[39m [2mdist\[22mheartbeat-visibility-BvojR9Pu.js             [2m   2.76 kB[22m [2m│ gzip:  0.96 kB[22m
[34mℹ[39m [2mdist\[22mexec-safe-bin-runtime-policy-Tf8rztfw.js     [2m   2.61 kB[22m [2m│ gzip:  0.92 kB[22m
[34mℹ[39m [2mdist\[22msend-CG-lQiv0.js                             [2m   2.51 kB[22m [2m│ gzip:  0.98 kB[22m
[34mℹ[39m [2mdist\[22mfetch-NwYFuX6A.js                            [2m   2.45 kB[22m [2m│ gzip:  0.86 kB[22m
[34mℹ[39m [2mdist\[22mformat-duration-Dfj3wGdl.js                  [2m   2.43 kB[22m [2m│ gzip:  0.92 kB[22m
[34mℹ[39m [2mdist\[22mlogin-BgygDgJ_.js                            [2m   2.38 kB[22m [2m│ gzip:  1.04 kB[22m
[34mℹ[39m [2mdist\[22msystem-run-command-Crxt8Z9S.js               [2m   2.30 kB[22m [2m│ gzip:  0.82 kB[22m
[34mℹ[39m [2mdist\[22mdiagnostic-session-state-DYfM4nmx.js         [2m   2.21 kB[22m [2m│ gzip:  0.81 kB[22m
[34mℹ[39m [2mdist\[22mstore-CAUaUHQW.js                            [2m   2.20 kB[22m [2m│ gzip:  1.04 kB[22m
[34mℹ[39m [2mdist\[22monboard-hooks-BFY8Gs6H.js                    [2m   2.19 kB[22m [2m│ gzip:  1.03 kB[22m
[34mℹ[39m [2mdist\[22mdaemon-install-BUr72PIX.js                   [2m   2.17 kB[22m [2m│ gzip:  0.93 kB[22m
[34mℹ[39m [2mdist\[22mformat-relative-fd_XEIm7.js                  [2m   2.14 kB[22m [2m│ gzip:  0.87 kB[22m
[34mℹ[39m [2mdist\[22mnode-service-DhWVqlOf.js                     [2m   2.10 kB[22m [2m│ gzip:  0.63 kB[22m
[34mℹ[39m [2mdist\[22mnode-match-B8vIv1lj.js                       [2m   2.08 kB[22m [2m│ gzip:  0.78 kB[22m
[34mℹ[39m [2mdist\[22mdeliver-Bo6lglN5.js                          [2m   2.07 kB[22m [2m│ gzip:  0.92 kB[22m
[34mℹ[39m [2mdist\[22mchannel-selection-D1rdy1FO.js                [2m   2.07 kB[22m [2m│ gzip:  0.73 kB[22m
[34mℹ[39m [2mdist\[22mstagger-DO0cIlDG.js                          [2m   2.01 kB[22m [2m│ gzip:  0.79 kB[22m
[34mℹ[39m [2mdist\[22mruntime-guard-CZ-L1HCe.js                    [2m   1.99 kB[22m [2m│ gzip:  0.82 kB[22m
[34mℹ[39m [2mdist\[22mpolls-Cp4lTlaK.js                            [2m   1.97 kB[22m [2m│ gzip:  0.63 kB[22m
[34mℹ[39m [2mdist\[22mcommand-poll-backoff-f69pfUgl.js             [2m   1.96 kB[22m [2m│ gzip:  0.84 kB[22m
[34mℹ[39m [2mdist\[22monboard-helpers-xIFrSGp8.js                  [2m   1.89 kB[22m [2m│ gzip:  0.88 kB[22m
[34mℹ[39m [2mdist\[22mdaemon-cli-DjWa0hGW.js                       [2m   1.89 kB[22m [2m│ gzip:  0.83 kB[22m
[34mℹ[39m [2mdist\[22mimage-Cigo-2iT.js                            [2m   1.81 kB[22m [2m│ gzip:  0.81 kB[22m
[34mℹ[39m [2mdist\[22maccounts-BhzRD12W.js                         [2m   1.80 kB[22m [2m│ gzip:  0.68 kB[22m
[34mℹ[39m [2mdist\[22mwindows-argv-BKXJfCfm.js                     [2m   1.78 kB[22m [2m│ gzip:  0.73 kB[22m
[34mℹ[39m [2mdist\[22maccounts-IRt8Gbgl.js                         [2m   1.77 kB[22m [2m│ gzip:  0.65 kB[22m
[34mℹ[39m [2mdist\[22mwarning-filter-DRu2_MlK.js                   [2m   1.72 kB[22m [2m│ gzip:  0.65 kB[22m
[34mℹ[39m [2mdist\[22mcommands-C1ZChV90.js                         [2m   1.68 kB[22m [2m│ gzip:  0.56 kB[22m
[34mℹ[39m [2mdist\[22mbrew-CEyPiHHa.js                             [2m   1.66 kB[22m [2m│ gzip:  0.58 kB[22m
[34mℹ[39m [2mdist\[22mcommands-registry--m4TUV5R.js                [2m   1.66 kB[22m [2m│ gzip:  0.63 kB[22m
[34mℹ[39m [2mdist\[22mcommand-format-BaZoDM_O.js                   [2m   1.62 kB[22m [2m│ gzip:  0.66 kB[22m
[34mℹ[39m [2mdist\[22menable-DCIyiqAT.js                           [2m   1.60 kB[22m [2m│ gzip:  0.60 kB[22m
[34mℹ[39m [2mdist\[22mclient-info-D9jPZ96S.js                      [2m   1.60 kB[22m [2m│ gzip:  0.61 kB[22m
[34mℹ[39m [2mdist\[22monboard-skills-BxAfQoar.js                   [2m   1.59 kB[22m [2m│ gzip:  0.71 kB[22m
[34mℹ[39m [2mdist\[22minput-provenance-CTzgc8wH.js                 [2m   1.55 kB[22m [2m│ gzip:  0.54 kB[22m
[34mℹ[39m [2mdist\[22mconfig-BdmSWwwx.js                           [2m   1.53 kB[22m [2m│ gzip:  0.70 kB[22m
[34mℹ[39m [2mdist\[22musage-format-BLDFqeXr.js                     [2m   1.51 kB[22m [2m│ gzip:  0.59 kB[22m
[34mℹ[39m [2mdist\[22mmarkdown-tables-DNucuXkR.js                  [2m   1.50 kB[22m [2m│ gzip:  0.62 kB[22m
[34mℹ[39m [2mdist\[22msend-BZwmvdTH.js                             [2m   1.49 kB[22m [2m│ gzip:  0.69 kB[22m
[34mℹ[39m [2mdist\[22mtargets-Dx3wt41S.js                          [2m   1.49 kB[22m [2m│ gzip:  0.58 kB[22m
[34mℹ[39m [2mdist\[22merrors-BlQdDgFL.js                           [2m   1.44 kB[22m [2m│ gzip:  0.61 kB[22m
[34mℹ[39m [2mdist\[22mlegacy-names-CCOAJ1n2.js                     [2m   1.43 kB[22m [2m│ gzip:  0.60 kB[22m
[34mℹ[39m [2mdist\[22mauth-choice-prompt-DwxTfEy7.js               [2m   1.42 kB[22m [2m│ gzip:  0.61 kB[22m
[34mℹ[39m [2mdist\[22mhealth-format-BPFcgAx_.js                    [2m   1.42 kB[22m [2m│ gzip:  0.67 kB[22m
[34mℹ[39m [2mdist\[22mactive-listener-BgqZqpyl.js                  [2m   1.41 kB[22m [2m│ gzip:  0.59 kB[22m
[34mℹ[39m [2mdist\[22mwsl-B4C1ltKj.js                              [2m   1.37 kB[22m [2m│ gzip:  0.54 kB[22m
[34mℹ[39m [2mdist\[22mis-main-CKq1EBQQ.js                          [2m   1.36 kB[22m [2m│ gzip:  0.50 kB[22m
[34mℹ[39m [2mdist\[22mipv4-Jk1rOXwY.js                             [2m   1.35 kB[22m [2m│ gzip:  0.66 kB[22m
[34mℹ[39m [2mdist\[22monboard-remote-Dsqb6RHy.js                   [2m   1.34 kB[22m [2m│ gzip:  0.62 kB[22m
[34mℹ[39m [2mdist\[22mreplies-BaLl3Zpc.js                          [2m   1.30 kB[22m [2m│ gzip:  0.61 kB[22m
[34mℹ[39m [2mdist\[22mconversation-label-kIZBsNfj.js               [2m   1.29 kB[22m [2m│ gzip:  0.56 kB[22m
[34mℹ[39m [2mdist\[22mdiagnostics--yLB21jU.js                      [2m   1.29 kB[22m [2m│ gzip:  0.60 kB[22m
[34mℹ[39m [2mdist\[22mparse-log-line-0HMP303A.js                   [2m   1.24 kB[22m [2m│ gzip:  0.53 kB[22m
[34mℹ[39m [2mdist\[22mconfig-guard-BedKGW1O.js                     [2m   1.24 kB[22m [2m│ gzip:  0.59 kB[22m
[34mℹ[39m [2mdist\[22msend-Dvz8Eu4G.js                             [2m   1.23 kB[22m [2m│ gzip:  0.59 kB[22m
[34mℹ[39m [2mdist\[22mchannel-options-D2_W_FhS.js                  [2m   1.23 kB[22m [2m│ gzip:  0.58 kB[22m
[34mℹ[39m [2mdist\[22menv-D1YsAuuZ.js                              [2m   1.22 kB[22m [2m│ gzip:  0.58 kB[22m
[34mℹ[39m [2mdist\[22mauth-profiles-Dfg53DMi.js                    [2m   1.21 kB[22m [2m│ gzip:  0.58 kB[22m
[34mℹ[39m [2mdist\[22msend-CWH8Hxpt.js                             [2m   1.21 kB[22m [2m│ gzip:  0.58 kB[22m
[34mℹ[39m [2mdist\[22moutbound-B6aXe66X.js                         [2m   1.20 kB[22m [2m│ gzip:  0.57 kB[22m
[34mℹ[39m [2mdist\[22mpath-guards-BkE3Yc9w.js                      [2m   1.18 kB[22m [2m│ gzip:  0.51 kB[22m
[34mℹ[39m [2mdist\[22mgateway-rpc-CN_HKxHl.js                      [2m   1.17 kB[22m [2m│ gzip:  0.63 kB[22m
[34mℹ[39m [2mdist\[22mtables-SZrZJNj6.js                           [2m   1.15 kB[22m [2m│ gzip:  0.57 kB[22m
[34mℹ[39m [2mdist\[22mfetch-timeout-G1WyWpBZ.js                    [2m   1.14 kB[22m [2m│ gzip:  0.59 kB[22m
[34mℹ[39m [2mdist\[22mcontrol-service-BmgTrr-1.js                  [2m   1.14 kB[22m [2m│ gzip:  0.52 kB[22m
[34mℹ[39m [2mdist\[22mtailnet-d1DqUhlE.js                          [2m   1.13 kB[22m [2m│ gzip:  0.49 kB[22m
[34mℹ[39m [2mdist\[22mplugin-registry-CBiyX3Wx.js                  [2m   1.12 kB[22m [2m│ gzip:  0.50 kB[22m
[34mℹ[39m [2mdist\[22mdm-policy-shared-BBnbtCqv.js                 [2m   1.11 kB[22m [2m│ gzip:  0.50 kB[22m
[34mℹ[39m [2mdist\[22mskill-commands-DXezWIol.js                   [2m   1.10 kB[22m [2m│ gzip:  0.52 kB[22m
[34mℹ[39m [2mdist\[22mmemory-cli-Cyj8bjwG.js                       [2m   1.08 kB[22m [2m│ gzip:  0.53 kB[22m
[34mℹ[39m [2mdist\[22msend-DpGC3IRt.js                             [2m   1.07 kB[22m [2m│ gzip:  0.53 kB[22m
[34mℹ[39m [2mdist\[22mstatus-BJV_DqKR.js                           [2m   1.03 kB[22m [2m│ gzip:  0.42 kB[22m
[34mℹ[39m [2mdist\[22msessions-DOCGhNB8.js                         [2m   1.02 kB[22m [2m│ gzip:  0.48 kB[22m
[34mℹ[39m [2mdist\[22mclawbot-cli-HRaY_sur.js                      [2m   0.96 kB[22m [2m│ gzip:  0.53 kB[22m
[34mℹ[39m [2mdist\[22mcommand-options-BdqK2ZL7.js                  [2m   0.95 kB[22m [2m│ gzip:  0.39 kB[22m
[34mℹ[39m [2mdist\[22mtokens-DOXYsZW3.js                           [2m   0.89 kB[22m [2m│ gzip:  0.43 kB[22m
[34mℹ[39m [2mdist\[22mdangerous-tools-Aghcqxx0.js                  [2m   0.87 kB[22m [2m│ gzip:  0.49 kB[22m
[34mℹ[39m [2mdist\[22mboolean-CZr2Q_T9.js                          [2m   0.87 kB[22m [2m│ gzip:  0.38 kB[22m
[34mℹ[39m [2mdist\[22mcli-utils-DVmyrozL.js                        [2m   0.87 kB[22m [2m│ gzip:  0.43 kB[22m
[34mℹ[39m [2mdist\[22monboard-custom-CCDa0Y-b.js                   [2m   0.82 kB[22m [2m│ gzip:  0.43 kB[22m
[34mℹ[39m [2mdist\[22mtrash-VUB0y43l.js                            [2m   0.80 kB[22m [2m│ gzip:  0.43 kB[22m
[34mℹ[39m [2mdist\[22mmodel-picker-cTACIdv6.js                     [2m   0.80 kB[22m [2m│ gzip:  0.41 kB[22m
[34mℹ[39m [2mdist\[22mhelpers-GFvnK-Z8.js                          [2m   0.79 kB[22m [2m│ gzip:  0.39 kB[22m
[34mℹ[39m [2mdist\[22mpi-model-discovery-CA_q8B3G.js               [2m   0.79 kB[22m [2m│ gzip:  0.34 kB[22m
[34mℹ[39m [2mdist\[22mplugins-COFVMRuo.js                          [2m   0.78 kB[22m [2m│ gzip:  0.40 kB[22m
[34mℹ[39m [2mdist\[22mmanager-BTpaqule.js                          [2m   0.77 kB[22m [2m│ gzip:  0.40 kB[22m
[34mℹ[39m [2mdist\[22mformat-BkoqqyC3.js                           [2m   0.77 kB[22m [2m│ gzip:  0.41 kB[22m
[34mℹ[39m [2mdist\[22mmodels-BrlxTLVl.js                           [2m   0.77 kB[22m [2m│ gzip:  0.41 kB[22m
[34mℹ[39m [2mdist\[22mconfig-validation-BlZKx9pf.js                [2m   0.74 kB[22m [2m│ gzip:  0.41 kB[22m
[34mℹ[39m [2mdist\[22mhelp-format-CQ4_tPSK.js                      [2m   0.68 kB[22m [2m│ gzip:  0.30 kB[22m
[34mℹ[39m [2mdist\[22mauth-choice-legacy-c-iCFWKD.js               [2m   0.65 kB[22m [2m│ gzip:  0.31 kB[22m
[34mℹ[39m [2mdist\[22mclipboard-CU74MwOC.js                        [2m   0.64 kB[22m [2m│ gzip:  0.38 kB[22m
[34mℹ[39m [2mdist\[22mlogin-DRYtg6mp.js                            [2m   0.62 kB[22m [2m│ gzip:  0.34 kB[22m
[34mℹ[39m [2mdist\[22monboard-config-1hEQqQRM.js                   [2m   0.61 kB[22m [2m│ gzip:  0.31 kB[22m
[34mℹ[39m [2mdist\[22mtranscript-events-Cff9Qdba.js                [2m   0.60 kB[22m [2m│ gzip:  0.30 kB[22m
[34mℹ[39m [2mdist\[22mqr-cli-cAjZac-C.js                           [2m   0.59 kB[22m [2m│ gzip:  0.33 kB[22m
[34mℹ[39m [2mdist\[22mworkspace-dirs-Bm8mm1qz.js                   [2m   0.59 kB[22m [2m│ gzip:  0.33 kB[22m
[34mℹ[39m [2mdist\[22mcompletion-cli-BUaMUlWX.js                   [2m   0.59 kB[22m [2m│ gzip:  0.32 kB[22m
[34mℹ[39m [2mdist\[22moutbound-attachment-CNGrCP-A.js              [2m   0.58 kB[22m [2m│ gzip:  0.33 kB[22m
[34mℹ[39m [2mdist\[22mchunk-BSy5T81T.js                            [2m   0.56 kB[22m [2m│ gzip:  0.28 kB[22m
[34mℹ[39m [2mdist\[22mchannels-status-issues-B97wY2SZ.js           [2m   0.56 kB[22m [2m│ gzip:  0.31 kB[22m
[34mℹ[39m [2mdist\[22mruntime-status-DQOXNe_k.js                   [2m   0.56 kB[22m [2m│ gzip:  0.30 kB[22m
[34mℹ[39m [2mdist\[22mmodel-DhAMRZNN.js                            [2m   0.53 kB[22m [2m│ gzip:  0.31 kB[22m
[34mℹ[39m [2mdist\[22mdiagnostic-DTQIS6Ka.js                       [2m   0.53 kB[22m [2m│ gzip:  0.29 kB[22m
[34mℹ[39m [2mdist\[22mlogging-xIlbKdQM.js                          [2m   0.51 kB[22m [2m│ gzip:  0.30 kB[22m
[34mℹ[39m [2mdist\[22mmodel-param-b-D4Cneghx.js                    [2m   0.50 kB[22m [2m│ gzip:  0.33 kB[22m
[34mℹ[39m [2mdist\[22mlinks-CmsjcivY.js                            [2m   0.50 kB[22m [2m│ gzip:  0.31 kB[22m
[34mℹ[39m [2mdist\[22mprofile-utils-EgdZIFbf.js                    [2m   0.49 kB[22m [2m│ gzip:  0.29 kB[22m
[34mℹ[39m [2mdist\[22mdaemon-runtime-Dl9CFbzp.js                   [2m   0.48 kB[22m [2m│ gzip:  0.31 kB[22m
[34mℹ[39m [2mdist\[22mpi-auth-json-PyMVCcGy.js                     [2m   0.47 kB[22m [2m│ gzip:  0.28 kB[22m
[34mℹ[39m [2mdist\[22mresolve-route-CVHuHlxt.js                    [2m   0.47 kB[22m [2m│ gzip:  0.27 kB[22m
[34mℹ[39m [2mdist\[22mparse-timeout-CClPxK2H.js                    [2m   0.47 kB[22m [2m│ gzip:  0.27 kB[22m
[34mℹ[39m [2mdist\[22mmarkdown-tables-CLV0bkno.js                  [2m   0.47 kB[22m [2m│ gzip:  0.27 kB[22m
[34mℹ[39m [2mdist\[22mprompt-style-BPShUd1S.js                     [2m   0.46 kB[22m [2m│ gzip:  0.25 kB[22m
[34mℹ[39m [2mdist\[22mpath-safety-D05SjIh7.js                      [2m   0.45 kB[22m [2m│ gzip:  0.27 kB[22m
[34mℹ[39m [2mdist\[22mparse-port-M2jd-Jeg.js                       [2m   0.44 kB[22m [2m│ gzip:  0.26 kB[22m
[34mℹ[39m [2mdist\[22mcommand-registry-DNV3TU62.js                 [2m   0.43 kB[22m [2m│ gzip:  0.24 kB[22m
[34mℹ[39m [2mdist\[22mhelpers-DjP7opkE.js                          [2m   0.42 kB[22m [2m│ gzip:  0.26 kB[22m
[34mℹ[39m [2mdist\[22msecret-equal-C234cjIg.js                     [2m   0.40 kB[22m [2m│ gzip:  0.26 kB[22m
[34mℹ[39m [2mdist\[22mallow-from-BpXiIJIS.js                       [2m   0.40 kB[22m [2m│ gzip:  0.25 kB[22m
[34mℹ[39m [2mdist\[22msystemd-linger-DdV2r5KX.js                   [2m   0.40 kB[22m [2m│ gzip:  0.22 kB[22m
[34mℹ[39m [2mdist\[22mskills-status-BFXnGmj7.js                    [2m   0.39 kB[22m [2m│ gzip:  0.24 kB[22m
[34mℹ[39m [2mdist\[22mprogram-context-BWPKX8r1.js                  [2m   0.37 kB[22m [2m│ gzip:  0.21 kB[22m
[34mℹ[39m [2mdist\[22mregister.subclis-Du_E0PY9.js                 [2m   0.35 kB[22m [2m│ gzip:  0.23 kB[22m
[34mℹ[39m [2mdist\[22mplugins-allowlist-8_5BFrns.js                [2m   0.35 kB[22m [2m│ gzip:  0.23 kB[22m
[34mℹ[39m [2mdist\[22mdelivery-queue-Cgwo8YTa.js                   [2m   0.34 kB[22m [2m│ gzip:  0.23 kB[22m
[34mℹ[39m [2mdist\[22mchat-type-57JQqmn5.js                        [2m   0.34 kB[22m [2m│ gzip:  0.21 kB[22m
[34mℹ[39m [2mdist\[22mreply-prefix-DjBbRr11.js                     [2m   0.33 kB[22m [2m│ gzip:  0.20 kB[22m
[34mℹ[39m [2mdist\[22msecure-random-BXfTZoP6.js                    [2m   0.33 kB[22m [2m│ gzip:  0.21 kB[22m
[34mℹ[39m [2mdist\[22mproxy-BFNumnxZ.js                            [2m   0.31 kB[22m [2m│ gzip:  0.22 kB[22m
[34mℹ[39m [2mdist\[22msession-cost-usage-DO1aaHfw.js               [2m   0.31 kB[22m [2m│ gzip:  0.20 kB[22m
[34mℹ[39m [2mdist\[22mtext-format-CHEbxhNh.js                      [2m   0.28 kB[22m [2m│ gzip:  0.22 kB[22m
[34mℹ[39m [2mdist\[22mpairing-labels-CrmNobf7.js                   [2m   0.27 kB[22m [2m│ gzip:  0.19 kB[22m
[34mℹ[39m [2mdist\[22mprompts-B6KHrVVs.js                          [2m   0.25 kB[22m [2m│ gzip:  0.17 kB[22m
[34mℹ[39m [2mdist\[22mgithub-copilot-token-BTINmChq.js             [2m   0.22 kB[22m [2m│ gzip:  0.18 kB[22m
[34mℹ[39m [2mdist\[22mpi-model-discovery-WGgzRwOA.js               [2m   0.21 kB[22m [2m│ gzip:  0.14 kB[22m
[34mℹ[39m [2mdist\[22mcommand-poll-backoff-BENqZ-QD.js             [2m   0.19 kB[22m [2m│ gzip:  0.15 kB[22m
[34mℹ[39m [2mdist\[22mdiagnostic-session-state-B-DzNMaF.js         [2m   0.19 kB[22m [2m│ gzip:  0.13 kB[22m
[34mℹ[39m [2mdist\[22mlogging-nh3EfmTr.js                          [2m   0.17 kB[22m [2m│ gzip:  0.15 kB[22m
[34mℹ[39m [2mdist\[22monboard-config-DWJNXpLo.js                   [2m   0.17 kB[22m [2m│ gzip:  0.14 kB[22m
[34mℹ[39m [2mdist\[22mprogram-context-DkAnSdJx.js                  [2m   0.13 kB[22m [2m│ gzip:  0.10 kB[22m
[34mℹ[39m [2mdist\[22mconversation-label-u0TMsFB5.js               [2m   0.12 kB[22m [2m│ gzip:  0.10 kB[22m
[34mℹ[39m [2mdist\[22mfetch-timeout-DRLXAGeC.js                    [2m   0.12 kB[22m [2m│ gzip:  0.11 kB[22m
[34mℹ[39m [2mdist\[22mauth-choice-prompt-CtHJ6jZ6.js               [2m   0.12 kB[22m [2m│ gzip:  0.10 kB[22m
[34mℹ[39m [2mdist\[22minbound-context-DQrBUebi.js                  [2m   0.11 kB[22m [2m│ gzip:  0.10 kB[22m
[34mℹ[39m [2mdist\[22mproxy-VZfTh9m6.js                            [2m   0.09 kB[22m [2m│ gzip:  0.09 kB[22m
[34mℹ[39m [2mdist\[22mlogging-Dt6YWeiQ.js                          [2m   0.01 kB[22m [2m│ gzip:  0.03 kB[22m
[34mℹ[39m 369 files, total: 9013.51 kB
node_modules\.pnpm\prism-media@1.3.5_@discordjs+opus@0.10.0_opusscript@0.0.8\node_modules\prism-media\src\core\FFmpeg.js (126:35) [UNRESOLVED_IMPORT] Warning: Could not resolve 'ffmpeg-static' in node_modules/.pnpm/prism-media@1.3.5_@discordjs+opus@0.10.0_opusscript@0.0.8/node_modules/prism-media/src/core/FFmpeg.js
     ╭─[ node_modules/.pnpm/prism-media@1.3.5_@discordjs+opus@0.10.0_opusscript@0.0.8/node_modules/prism-media/src/core/FFmpeg.js:126:36 ]
     │
 126 │       const ffmpegStatic = require('ffmpeg-static');
     │                                    ───────┬───────  
     │                                           ╰───────── Module not found, treating it as an external dependency
─────╯

src\gateway\server-methods\agent.ts (43:2) [MISSING_EXPORT] Warning: "canonicalizeSpawnedByForAgent" is not exported by "src/gateway/session-utils.ts".
    ╭─[ src/gateway/server-methods/agent.ts:43:3 ]
    │
 43 │   canonicalizeSpawnedByForAgent,
    │   ──────────────┬──────────────  
    │                 ╰──────────────── Missing export
    │ 
    │ Note: If you meant to import a type rather than a value, make sure to add the `type` modifier (e.g. `import { type Foo } from '../session-utils.js'`).
────╯

src\gateway\server-methods\agent.ts (45:2) [MISSING_EXPORT] Warning: "pruneLegacyStoreKeys" is not exported by "src/gateway/session-utils.ts".
    ╭─[ src/gateway/server-methods/agent.ts:45:3 ]
    │
 45 │   pruneLegacyStoreKeys,
    │   ──────────┬─────────  
    │             ╰─────────── Missing export
    │ 
    │ Note: If you meant to import a type rather than a value, make sure to add the `type` modifier (e.g. `import { type Foo } from '../session-utils.js'`).
────╯

upstream\src\gateway\server-methods\sessions.ts (37:2) [MISSING_EXPORT] Warning: "archiveSessionTranscripts" is not exported by "src/gateway/session-utils.ts".
    ╭─[ upstream/src/gateway/server-methods/sessions.ts:37:3 ]
    │
 37 │   archiveSessionTranscripts,
    │   ────────────┬────────────  
    │               ╰────────────── Missing export
    │ 
    │ Note: If you meant to import a type rather than a value, make sure to add the `type` modifier (e.g. `import { type Foo } from '../session-utils.js'`).
────╯

upstream\src\gateway\server-methods\sessions.ts (41:2) [MISSING_EXPORT] Warning: "pruneLegacyStoreKeys" is not exported by "src/gateway/session-utils.ts".
    ╭─[ upstream/src/gateway/server-methods/sessions.ts:41:3 ]
    │
 41 │   pruneLegacyStoreKeys,
    │   ──────────┬─────────  
    │             ╰─────────── Missing export
    │ 
    │ Note: If you meant to import a type rather than a value, make sure to add the `type` modifier (e.g. `import { type Foo } from '../session-utils.js'`).
────╯

upstream\src\gateway\server-node-events.ts (20:2) [MISSING_EXPORT] Warning: "pruneLegacyStoreKeys" is not exported by "src/gateway/session-utils.ts".
    ╭─[ upstream/src/gateway/server-node-events.ts:20:3 ]
    │
 20 │   pruneLegacyStoreKeys,
    │   ──────────┬─────────  
    │             ╰─────────── Missing export
    │ 
    │ Note: If you meant to import a type rather than a value, make sure to add the `type` modifier (e.g. `import { type Foo } from './session-utils.js'`).
────╯

upstream\src\gateway\sessions-resolve.ts (13:2) [MISSING_EXPORT] Warning: "pruneLegacyStoreKeys" is not exported by "src/gateway/session-utils.ts".
    ╭─[ upstream/src/gateway/sessions-resolve.ts:13:3 ]
    │
 13 │   pruneLegacyStoreKeys,
    │   ──────────┬─────────  
    │             ╰─────────── Missing export
    │ 
    │ Note: If you meant to import a type rather than a value, make sure to add the `type` modifier (e.g. `import { type Foo } from './session-utils.js'`).
────╯

[PLUGIN_TIMINGS] Warning: Your build spent significant time in plugin `upstream-overlay`. See https://rolldown.rs/options/checks#plugintimings for more details.

[32m✔[39m Build complete in [32m27922ms[39m

> openclaw@2026.2.23 build:plugin-sdk:dts I:\JieZI\JieZi-ai-PS
> tsc -p tsconfig.plugin-sdk.dts.json

upstream/src/media/input-files.ts(252,5): error TS2353: Object literal may only specify known properties, and 'disableWorker' does not exist in type 'ArrayBuffer | URL | TypedArray | DocumentInitParameters'.
upstream/src/process/supervisor/adapters/pty.ts(46,32): error TS7016: Could not find a declaration file for module '@lydell/node-pty'. 'I:/JieZI/JieZi-ai-PS/node_modules/.pnpm/@lydell+node-pty@1.2.0-beta.3/node_modules/@lydell/node-pty/index.js' implicitly has an 'any' type.
  There are types at 'I:/JieZI/JieZi-ai-PS/node_modules/@lydell/node-pty/node-pty.d.ts', but this result could not be resolved when respecting package.json "exports". The '@lydell/node-pty' library may need to update its package.json or typings.
upstream/src/web/qr-image.ts(1,26): error TS7016: Could not find a declaration file for module 'qrcode-terminal/vendor/QRCode/index.js'. 'I:/JieZI/JieZi-ai-PS/node_modules/.pnpm/qrcode-terminal@0.12.0/node_modules/qrcode-terminal/vendor/QRCode/index.js' implicitly has an 'any' type.
  If the 'qrcode-terminal' package actually exposes this module, consider sending a pull request to amend 'https://github.com/DefinitelyTyped/DefinitelyTyped/tree/master/types/qrcode-terminal'
upstream/src/web/qr-image.ts(2,39): error TS7016: Could not find a declaration file for module 'qrcode-terminal/vendor/QRCode/QRErrorCorrectLevel.js'. 'I:/JieZI/JieZi-ai-PS/node_modules/.pnpm/qrcode-terminal@0.12.0/node_modules/qrcode-terminal/vendor/QRCode/QRErrorCorrectLevel.js' implicitly has an 'any' type.
  If the 'qrcode-terminal' package actually exposes this module, consider sending a pull request to amend 'https://github.com/DefinitelyTyped/DefinitelyTyped/tree/master/types/qrcode-terminal'
 ELIFECYCLE  Command failed with exit code 1.
 ELIFECYCLE  Command failed with exit code 1.
